Archive member included to satisfy reference by file (symbol)

c:/mounriver/mounriver_studio2/resources/app/resources/win32/components/wch/toolchain/risc-v embedded gcc/bin/../lib/gcc/riscv-none-embed/8.2.0/rv32ecxw/ilp32e\libgcc.a(save-restore.o)
                              ./User/main.o (__riscv_save_2)
c:/mounriver/mounriver_studio2/resources/app/resources/win32/components/wch/toolchain/risc-v embedded gcc/bin/../lib/gcc/riscv-none-embed/8.2.0/rv32ecxw/ilp32e\libgcc.a(muldi3.o)
                              ./Debug/debug.o (__mulsi3)
c:/mounriver/mounriver_studio2/resources/app/resources/win32/components/wch/toolchain/risc-v embedded gcc/bin/../lib/gcc/riscv-none-embed/8.2.0/rv32ecxw/ilp32e\libgcc.a(div.o)
                              ./Peripheral/src/ch32v00x_usart.o (__divsi3)
c:/mounriver/mounriver_studio2/resources/app/resources/win32/components/wch/toolchain/risc-v embedded gcc/bin/../lib/gcc/riscv-none-embed/8.2.0/../../../../riscv-none-embed/lib/rv32ecxw/ilp32e\libg_nano.a(lib_a-rand.o)
                              ./User/main.o (srand)
c:/mounriver/mounriver_studio2/resources/app/resources/win32/components/wch/toolchain/risc-v embedded gcc/bin/../lib/gcc/riscv-none-embed/8.2.0/../../../../riscv-none-embed/lib/rv32ecxw/ilp32e\libg_nano.a(lib_a-impure.o)
                              c:/mounriver/mounriver_studio2/resources/app/resources/win32/components/wch/toolchain/risc-v embedded gcc/bin/../lib/gcc/riscv-none-embed/8.2.0/../../../../riscv-none-embed/lib/rv32ecxw/ilp32e\libg_nano.a(lib_a-rand.o) (_impure_ptr)
c:/mounriver/mounriver_studio2/resources/app/resources/win32/components/wch/toolchain/risc-v embedded gcc/bin/../lib/gcc/riscv-none-embed/8.2.0/../../../../riscv-none-embed/lib/rv32ecxw/ilp32e\libg_nano.a(lib_a-malloc.o)
                              c:/mounriver/mounriver_studio2/resources/app/resources/win32/components/wch/toolchain/risc-v embedded gcc/bin/../lib/gcc/riscv-none-embed/8.2.0/../../../../riscv-none-embed/lib/rv32ecxw/ilp32e\libg_nano.a(lib_a-rand.o) (malloc)
c:/mounriver/mounriver_studio2/resources/app/resources/win32/components/wch/toolchain/risc-v embedded gcc/bin/../lib/gcc/riscv-none-embed/8.2.0/../../../../riscv-none-embed/lib/rv32ecxw/ilp32e\libg_nano.a(lib_a-nano-freer.o)
                              c:/mounriver/mounriver_studio2/resources/app/resources/win32/components/wch/toolchain/risc-v embedded gcc/bin/../lib/gcc/riscv-none-embed/8.2.0/../../../../riscv-none-embed/lib/rv32ecxw/ilp32e\libg_nano.a(lib_a-malloc.o) (_free_r)
c:/mounriver/mounriver_studio2/resources/app/resources/win32/components/wch/toolchain/risc-v embedded gcc/bin/../lib/gcc/riscv-none-embed/8.2.0/../../../../riscv-none-embed/lib/rv32ecxw/ilp32e\libg_nano.a(lib_a-nano-mallocr.o)
                              c:/mounriver/mounriver_studio2/resources/app/resources/win32/components/wch/toolchain/risc-v embedded gcc/bin/../lib/gcc/riscv-none-embed/8.2.0/../../../../riscv-none-embed/lib/rv32ecxw/ilp32e\libg_nano.a(lib_a-malloc.o) (_malloc_r)
c:/mounriver/mounriver_studio2/resources/app/resources/win32/components/wch/toolchain/risc-v embedded gcc/bin/../lib/gcc/riscv-none-embed/8.2.0/../../../../riscv-none-embed/lib/rv32ecxw/ilp32e\libg_nano.a(lib_a-sbrkr.o)
                              c:/mounriver/mounriver_studio2/resources/app/resources/win32/components/wch/toolchain/risc-v embedded gcc/bin/../lib/gcc/riscv-none-embed/8.2.0/../../../../riscv-none-embed/lib/rv32ecxw/ilp32e\libg_nano.a(lib_a-nano-mallocr.o) (_sbrk_r)
c:/mounriver/mounriver_studio2/resources/app/resources/win32/components/wch/toolchain/risc-v embedded gcc/bin/../lib/gcc/riscv-none-embed/8.2.0/../../../../riscv-none-embed/lib/rv32ecxw/ilp32e\libg_nano.a(lib_a-mlock.o)
                              c:/mounriver/mounriver_studio2/resources/app/resources/win32/components/wch/toolchain/risc-v embedded gcc/bin/../lib/gcc/riscv-none-embed/8.2.0/../../../../riscv-none-embed/lib/rv32ecxw/ilp32e\libg_nano.a(lib_a-nano-freer.o) (__malloc_lock)
c:/mounriver/mounriver_studio2/resources/app/resources/win32/components/wch/toolchain/risc-v embedded gcc/bin/../lib/gcc/riscv-none-embed/8.2.0/../../../../riscv-none-embed/lib/rv32ecxw/ilp32e\libg_nano.a(lib_a-reent.o)
                              c:/mounriver/mounriver_studio2/resources/app/resources/win32/components/wch/toolchain/risc-v embedded gcc/bin/../lib/gcc/riscv-none-embed/8.2.0/../../../../riscv-none-embed/lib/rv32ecxw/ilp32e\libg_nano.a(lib_a-sbrkr.o) (errno)
c:/mounriver/mounriver_studio2/resources/app/resources/win32/components/wch/toolchain/risc-v embedded gcc/bin/../lib/gcc/riscv-none-embed/8.2.0/rv32ecxw/ilp32e\libgcc.a(multi3.o)
                              c:/mounriver/mounriver_studio2/resources/app/resources/win32/components/wch/toolchain/risc-v embedded gcc/bin/../lib/gcc/riscv-none-embed/8.2.0/../../../../riscv-none-embed/lib/rv32ecxw/ilp32e\libg_nano.a(lib_a-rand.o) (__muldi3)

Allocating common symbols
Common symbol       size              file

[...]
Memory Configuration

Name             Origin             Length             Attributes
FLASH            0x0000000000000000 0x0000000000004000 xr
RAM              0x0000000020000000 0x0000000000000800 xrw
*default*        0x0000000000000000 0xffffffffffffffff

Linker script and memory map

LOAD ./User/ch32v00x_it.o
LOAD ./User/device.o
LOAD ./User/main.o
LOAD ./User/moisture.o
LOAD ./User/packet.o
LOAD ./User/system_ch32v00x.o
LOAD ./User/timer.o
LOAD ./User/uart.o
LOAD ./User/valve.o
LOAD ./Startup/startup_ch32v00x.o
LOAD ./Peripheral/src/ch32v00x_adc.o
LOAD ./Peripheral/src/ch32v00x_dbgmcu.o
LOAD ./Peripheral/src/ch32v00x_dma.o
LOAD ./Peripheral/src/ch32v00x_exti.o
LOAD ./Peripheral/src/ch32v00x_flash.o
LOAD ./Peripheral/src/ch32v00x_gpio.o
LOAD ./Peripheral/src/ch32v00x_i2c.o
LOAD ./Peripheral/src/ch32v00x_iwdg.o
LOAD ./Peripheral/src/ch32v00x_misc.o
LOAD ./Peripheral/src/ch32v00x_opa.o
LOAD ./Peripheral/src/ch32v00x_pwr.o
LOAD ./Peripheral/src/ch32v00x_rcc.o
LOAD ./Peripheral/src/ch32v00x_spi.o
LOAD ./Peripheral/src/ch32v00x_tim.o
LOAD ./Peripheral/src/ch32v00x_usart.o
LOAD ./Peripheral/src/ch32v00x_wwdg.o
LOAD ./Debug/debug.o
LOAD ./Core/core_riscv.o
LOAD c:/mounriver/mounriver_studio2/resources/app/resources/win32/components/wch/toolchain/risc-v embedded gcc/bin/../lib/gcc/riscv-none-embed/8.2.0/../../../../riscv-none-embed/lib/rv32ecxw/ilp32e\libprintf.a
LOAD c:/mounriver/mounriver_studio2/resources/app/resources/win32/components/wch/toolchain/risc-v embedded gcc/bin/../lib/gcc/riscv-none-embed/8.2.0/rv32ecxw/ilp32e\libgcc.a
LOAD c:/mounriver/mounriver_studio2/resources/app/resources/win32/components/wch/toolchain/risc-v embedded gcc/bin/../lib/gcc/riscv-none-embed/8.2.0/../../../../riscv-none-embed/lib/rv32ecxw/ilp32e\libg_nano.a
LOAD c:/mounriver/mounriver_studio2/resources/app/resources/win32/components/wch/toolchain/risc-v embedded gcc/bin/../lib/gcc/riscv-none-embed/8.2.0/../../../../riscv-none-embed/lib/rv32ecxw/ilp32e\libc_nano.a
LOAD c:/mounriver/mounriver_studio2/resources/app/resources/win32/components/wch/toolchain/risc-v embedded gcc/bin/../lib/gcc/riscv-none-embed/8.2.0/rv32ecxw/ilp32e\libgcc.a
START GROUP
LOAD c:/mounriver/mounriver_studio2/resources/app/resources/win32/components/wch/toolchain/risc-v embedded gcc/bin/../lib/gcc/riscv-none-embed/8.2.0/rv32ecxw/ilp32e\libgcc.a
LOAD c:/mounriver/mounriver_studio2/resources/app/resources/win32/components/wch/toolchain/risc-v embedded gcc/bin/../lib/gcc/riscv-none-embed/8.2.0/../../../../riscv-none-embed/lib/rv32ecxw/ilp32e\libc_nano.a
LOAD c:/mounriver/mounriver_studio2/resources/app/resources/win32/components/wch/toolchain/risc-v embedded gcc/bin/../lib/gcc/riscv-none-embed/8.2.0/../../../../riscv-none-embed/lib/rv32ecxw/ilp32e\libnosys.a
END GROUP
START GROUP
LOAD c:/mounriver/mounriver_studio2/resources/app/resources/win32/components/wch/toolchain/risc-v embedded gcc/bin/../lib/gcc/riscv-none-embed/8.2.0/rv32ecxw/ilp32e\libgcc.a
LOAD c:/mounriver/mounriver_studio2/resources/app/resources/win32/components/wch/toolchain/risc-v embedded gcc/bin/../lib/gcc/riscv-none-embed/8.2.0/../../../../riscv-none-embed/lib/rv32ecxw/ilp32e\libc_nano.a
LOAD c:/mounriver/mounriver_studio2/resources/app/resources/win32/components/wch/toolchain/risc-v embedded gcc/bin/../lib/gcc/riscv-none-embed/8.2.0/../../../../riscv-none-embed/lib/rv32ecxw/ilp32e\libnosys.a
END GROUP
                0x0000000000000100                __stack_size = 0x100
                [!provide]                        PROVIDE (_stack_size = __stack_size)

.init           0x0000000000000000       0xa0
                0x0000000000000000                _sinit = .
                0x0000000000000000                . = ALIGN (0x4)
 *(SORT_NONE(.init))
 .init          0x0000000000000000       0x9e ./Startup/startup_ch32v00x.o
                0x0000000000000000                _start
                0x00000000000000a0                . = ALIGN (0x4)
 *fill*         0x000000000000009e        0x2 
                0x00000000000000a0                _einit = .

.highcodelalign
                0x00000000000000a0        0x0
                0x00000000000000a0                . = ALIGN (0x4)
                0x00000000000000a0                PROVIDE (_highcode_lma = .)

.highcode       0x0000000020000000        0x0 load address 0x00000000000000a0
                0x0000000020000000                . = ALIGN (0x4)
                0x0000000020000000                PROVIDE (_highcode_vma_start = .)
 *(.highcode)
 *(.highcode.*)
                0x0000000020000000                . = ALIGN (0x4)
                0x0000000020000000                PROVIDE (_highcode_vma_end = .)

.text           0x00000000000000a0     0x13b0
                0x00000000000000a0                . = ALIGN (0x4)
 *(.text)
 .text          0x00000000000000a0       0x14 c:/mounriver/mounriver_studio2/resources/app/resources/win32/components/wch/toolchain/risc-v embedded gcc/bin/../lib/gcc/riscv-none-embed/8.2.0/rv32ecxw/ilp32e\libgcc.a(save-restore.o)
                0x00000000000000a0                __riscv_save_1
                0x00000000000000a0                __riscv_save_2
                0x00000000000000a0                __riscv_save_0
                0x00000000000000aa                __riscv_restore_0
                0x00000000000000aa                __riscv_restore_1
                0x00000000000000aa                __riscv_restore_2
 .text          0x00000000000000b4       0x7e c:/mounriver/mounriver_studio2/resources/app/resources/win32/components/wch/toolchain/risc-v embedded gcc/bin/../lib/gcc/riscv-none-embed/8.2.0/rv32ecxw/ilp32e\libgcc.a(div.o)
                0x00000000000000b4                __divsi3
                0x00000000000000bc                __udivsi3
                0x00000000000000e8                __umodsi3
                0x000000000000010c                __modsi3
 *(.text.*)
 .text.NMI_Handler
                0x0000000000000132        0x2 ./User/ch32v00x_it.o
                0x0000000000000132                NMI_Handler
 .text.HardFault_Handler
                0x0000000000000134       0x10 ./User/ch32v00x_it.o
                0x0000000000000134                HardFault_Handler
 .text.save_device_address
                0x0000000000000144       0x2a ./User/device.o
                0x0000000000000144                save_device_address
 .text.load_device_address
                0x000000000000016e       0x20 ./User/device.o
                0x000000000000016e                load_device_address
 .text.init_device
                0x000000000000018e       0x30 ./User/device.o
                0x000000000000018e                init_device
 .text.startup.main
                0x00000000000001be       0xf2 ./User/main.o
                0x00000000000001be                main
 .text.Moisture_Sensor_Init
                0x00000000000002b0       0x7e ./User/moisture.o
                0x00000000000002b0                Moisture_Sensor_Init
 .text.get_moisture
                0x000000000000032e       0x2e ./User/moisture.o
                0x000000000000032e                get_moisture
 .text.crc16    0x000000000000035c       0x44 ./User/packet.o
                0x000000000000035c                crc16
 .text.is_uid_match
                0x00000000000003a0       0x22 ./User/packet.o
                0x00000000000003a0                is_uid_match
 .text.send_packet
                0x00000000000003c2       0x9e ./User/packet.o
                0x00000000000003c2                send_packet
 .text.handle_packet
                0x0000000000000460      0x228 ./User/packet.o
                0x0000000000000460                handle_packet
 .text.SystemInit
                0x0000000000000688      0x136 ./User/system_ch32v00x.o
                0x0000000000000688                SystemInit
 .text.SystemCoreClockUpdate
                0x00000000000007be       0x6c ./User/system_ch32v00x.o
                0x00000000000007be                SystemCoreClockUpdate
 .text.millis   0x000000000000082a        0x6 ./User/timer.o
                0x000000000000082a                millis
 .text.SysTick_Handler
                0x0000000000000830       0x16 ./User/timer.o
                0x0000000000000830                SysTick_Handler
 .text.init_millis
                0x0000000000000846       0x40 ./User/timer.o
                0x0000000000000846                init_millis
 .text.DelayMs  0x0000000000000886       0x1a ./User/uart.o
                0x0000000000000886                DelayMs
 .text.USARTx_CFG
                0x00000000000008a0       0xb4 ./User/uart.o
                0x00000000000008a0                USARTx_CFG
 .text.TIM1_UP_IRQHandler
                0x0000000000000954       0x5a ./User/uart.o
                0x0000000000000954                TIM1_UP_IRQHandler
 .text.USART1_IRQHandler
                0x00000000000009ae      0x164 ./User/uart.o
                0x00000000000009ae                USART1_IRQHandler
 .text.RS485_Dir_Init
                0x0000000000000b12       0x2e ./User/uart.o
                0x0000000000000b12                RS485_Dir_Init
 .text.RS485_SetTX
                0x0000000000000b40       0x10 ./User/uart.o
                0x0000000000000b40                RS485_SetTX
 .text.RS485_SetRX
                0x0000000000000b50       0x10 ./User/uart.o
                0x0000000000000b50                RS485_SetRX
 .text.UART_SetInterByteTimeoutMs
                0x0000000000000b60       0x76 ./User/uart.o
                0x0000000000000b60                UART_SetInterByteTimeoutMs
 .text.UART_SetAutoInterByteTimeout
                0x0000000000000bd6        0xc ./User/uart.o
                0x0000000000000bd6                UART_SetAutoInterByteTimeout
 .text.set_valve_state
                0x0000000000000be2        0xa ./User/valve.o
                0x0000000000000be2                set_valve_state
 .text.vector_handler
                0x0000000000000bec        0x2 ./Startup/startup_ch32v00x.o
                0x0000000000000bec                TIM1_CC_IRQHandler
                0x0000000000000bec                PVD_IRQHandler
                0x0000000000000bec                SPI1_IRQHandler
                0x0000000000000bec                AWU_IRQHandler
                0x0000000000000bec                EXTI7_0_IRQHandler
                0x0000000000000bec                DMA1_Channel4_IRQHandler
                0x0000000000000bec                ADC1_IRQHandler
                0x0000000000000bec                DMA1_Channel7_IRQHandler
                0x0000000000000bec                I2C1_EV_IRQHandler
                0x0000000000000bec                DMA1_Channel6_IRQHandler
                0x0000000000000bec                RCC_IRQHandler
                0x0000000000000bec                TIM1_TRG_COM_IRQHandler
                0x0000000000000bec                DMA1_Channel1_IRQHandler
                0x0000000000000bec                DMA1_Channel5_IRQHandler
                0x0000000000000bec                DMA1_Channel3_IRQHandler
                0x0000000000000bec                WWDG_IRQHandler
                0x0000000000000bec                TIM2_IRQHandler
                0x0000000000000bec                SW_Handler
                0x0000000000000bec                TIM1_BRK_IRQHandler
                0x0000000000000bec                DMA1_Channel2_IRQHandler
                0x0000000000000bec                FLASH_IRQHandler
                0x0000000000000bec                I2C1_ER_IRQHandler
 .text.handle_reset
                0x0000000000000bee       0xa8 ./Startup/startup_ch32v00x.o
                0x0000000000000bee                handle_reset
 .text.ADC_Init
                0x0000000000000c96       0x4e ./Peripheral/src/ch32v00x_adc.o
                0x0000000000000c96                ADC_Init
 .text.ADC_Cmd  0x0000000000000ce4       0x10 ./Peripheral/src/ch32v00x_adc.o
                0x0000000000000ce4                ADC_Cmd
 .text.ADC_ResetCalibration
                0x0000000000000cf4        0xa ./Peripheral/src/ch32v00x_adc.o
                0x0000000000000cf4                ADC_ResetCalibration
 .text.ADC_GetResetCalibrationStatus
                0x0000000000000cfe        0x8 ./Peripheral/src/ch32v00x_adc.o
                0x0000000000000cfe                ADC_GetResetCalibrationStatus
 .text.ADC_StartCalibration
                0x0000000000000d06        0xa ./Peripheral/src/ch32v00x_adc.o
                0x0000000000000d06                ADC_StartCalibration
 .text.ADC_SoftwareStartConvCmd
                0x0000000000000d10       0x18 ./Peripheral/src/ch32v00x_adc.o
                0x0000000000000d10                ADC_SoftwareStartConvCmd
 .text.ADC_RegularChannelConfig
                0x0000000000000d28       0xba ./Peripheral/src/ch32v00x_adc.o
                0x0000000000000d28                ADC_RegularChannelConfig
 .text.ADC_GetConversionValue
                0x0000000000000de2        0x8 ./Peripheral/src/ch32v00x_adc.o
                0x0000000000000de2                ADC_GetConversionValue
 .text.ADC_GetFlagStatus
                0x0000000000000dea        0xa ./Peripheral/src/ch32v00x_adc.o
                0x0000000000000dea                ADC_GetFlagStatus
 .text.FLASH_Unlock
                0x0000000000000df4       0x1a ./Peripheral/src/ch32v00x_flash.o
                0x0000000000000df4                FLASH_Unlock
 .text.FLASH_Lock
                0x0000000000000e0e        0xe ./Peripheral/src/ch32v00x_flash.o
                0x0000000000000e0e                FLASH_Lock
 .text.FLASH_GetBank1Status
                0x0000000000000e1c       0x18 ./Peripheral/src/ch32v00x_flash.o
                0x0000000000000e1c                FLASH_GetBank1Status
 .text.FLASH_WaitForLastOperation
                0x0000000000000e34       0x20 ./Peripheral/src/ch32v00x_flash.o
                0x0000000000000e34                FLASH_WaitForLastOperation
 .text.FLASH_ErasePage
                0x0000000000000e54       0x38 ./Peripheral/src/ch32v00x_flash.o
                0x0000000000000e54                FLASH_ErasePage
 .text.FLASH_ProgramHalfWord
                0x0000000000000e8c       0x34 ./Peripheral/src/ch32v00x_flash.o
                0x0000000000000e8c                FLASH_ProgramHalfWord
 .text.GPIO_Init
                0x0000000000000ec0       0x7c ./Peripheral/src/ch32v00x_gpio.o
                0x0000000000000ec0                GPIO_Init
 .text.GPIO_SetBits
                0x0000000000000f3c        0x4 ./Peripheral/src/ch32v00x_gpio.o
                0x0000000000000f3c                GPIO_SetBits
 .text.GPIO_ResetBits
                0x0000000000000f40        0x4 ./Peripheral/src/ch32v00x_gpio.o
                0x0000000000000f40                GPIO_ResetBits
 .text.NVIC_PriorityGroupConfig
                0x0000000000000f44        0x6 ./Peripheral/src/ch32v00x_misc.o
                0x0000000000000f44                NVIC_PriorityGroupConfig
 .text.NVIC_Init
                0x0000000000000f4a       0x62 ./Peripheral/src/ch32v00x_misc.o
                0x0000000000000f4a                NVIC_Init
 .text.RCC_AdjustHSICalibrationValue
                0x0000000000000fac       0x12 ./Peripheral/src/ch32v00x_rcc.o
                0x0000000000000fac                RCC_AdjustHSICalibrationValue
 .text.RCC_GetClocksFreq
                0x0000000000000fbe       0xa2 ./Peripheral/src/ch32v00x_rcc.o
                0x0000000000000fbe                RCC_GetClocksFreq
 .text.RCC_APB2PeriphClockCmd
                0x0000000000001060       0x1e ./Peripheral/src/ch32v00x_rcc.o
                0x0000000000001060                RCC_APB2PeriphClockCmd
 .text.TIM_TimeBaseInit
                0x000000000000107e       0x4e ./Peripheral/src/ch32v00x_tim.o
                0x000000000000107e                TIM_TimeBaseInit
 .text.TIM_Cmd  0x00000000000010cc       0x18 ./Peripheral/src/ch32v00x_tim.o
                0x00000000000010cc                TIM_Cmd
 .text.TIM_ITConfig
                0x00000000000010e4       0x12 ./Peripheral/src/ch32v00x_tim.o
                0x00000000000010e4                TIM_ITConfig
 .text.TIM_SetCounter
                0x00000000000010f6        0x4 ./Peripheral/src/ch32v00x_tim.o
                0x00000000000010f6                TIM_SetCounter
 .text.TIM_GetITStatus
                0x00000000000010fa       0x18 ./Peripheral/src/ch32v00x_tim.o
                0x00000000000010fa                TIM_GetITStatus
 .text.TIM_ClearITPendingBit
                0x0000000000001112        0xc ./Peripheral/src/ch32v00x_tim.o
                0x0000000000001112                TIM_ClearITPendingBit
 .text.USART_Init
                0x000000000000111e       0xcc ./Peripheral/src/ch32v00x_usart.o
                0x000000000000111e                USART_Init
 .text.USART_Cmd
                0x00000000000011ea       0x16 ./Peripheral/src/ch32v00x_usart.o
                0x00000000000011ea                USART_Cmd
 .text.USART_ITConfig
                0x0000000000001200       0x36 ./Peripheral/src/ch32v00x_usart.o
                0x0000000000001200                USART_ITConfig
 .text.USART_SendData
                0x0000000000001236        0x8 ./Peripheral/src/ch32v00x_usart.o
                0x0000000000001236                USART_SendData
 .text.USART_ReceiveData
                0x000000000000123e        0x8 ./Peripheral/src/ch32v00x_usart.o
                0x000000000000123e                USART_ReceiveData
 .text.USART_GetFlagStatus
                0x0000000000001246        0xa ./Peripheral/src/ch32v00x_usart.o
                0x0000000000001246                USART_GetFlagStatus
 .text.USART_GetITStatus
                0x0000000000001250       0x3c ./Peripheral/src/ch32v00x_usart.o
                0x0000000000001250                USART_GetITStatus
 .text.Delay_Init
                0x000000000000128c       0x34 ./Debug/debug.o
                0x000000000000128c                Delay_Init
 .text._sbrk    0x00000000000012c0       0x26 ./Debug/debug.o
                0x00000000000012c0                _sbrk
 .text.srand    0x00000000000012e6       0x5a c:/mounriver/mounriver_studio2/resources/app/resources/win32/components/wch/toolchain/risc-v embedded gcc/bin/../lib/gcc/riscv-none-embed/8.2.0/../../../../riscv-none-embed/lib/rv32ecxw/ilp32e\libg_nano.a(lib_a-rand.o)
                0x00000000000012e6                srand
 .text.malloc   0x0000000000001340        0xe c:/mounriver/mounriver_studio2/resources/app/resources/win32/components/wch/toolchain/risc-v embedded gcc/bin/../lib/gcc/riscv-none-embed/8.2.0/../../../../riscv-none-embed/lib/rv32ecxw/ilp32e\libg_nano.a(lib_a-malloc.o)
                0x0000000000001340                malloc
 .text._malloc_r
                0x000000000000134e       0xd4 c:/mounriver/mounriver_studio2/resources/app/resources/win32/components/wch/toolchain/risc-v embedded gcc/bin/../lib/gcc/riscv-none-embed/8.2.0/../../../../riscv-none-embed/lib/rv32ecxw/ilp32e\libg_nano.a(lib_a-nano-mallocr.o)
                0x000000000000134e                _malloc_r
 .text._sbrk_r  0x0000000000001422       0x28 c:/mounriver/mounriver_studio2/resources/app/resources/win32/components/wch/toolchain/risc-v embedded gcc/bin/../lib/gcc/riscv-none-embed/8.2.0/../../../../riscv-none-embed/lib/rv32ecxw/ilp32e\libg_nano.a(lib_a-sbrkr.o)
                0x0000000000001422                _sbrk_r
 .text.__malloc_lock
                0x000000000000144a        0x2 c:/mounriver/mounriver_studio2/resources/app/resources/win32/components/wch/toolchain/risc-v embedded gcc/bin/../lib/gcc/riscv-none-embed/8.2.0/../../../../riscv-none-embed/lib/rv32ecxw/ilp32e\libg_nano.a(lib_a-mlock.o)
                0x000000000000144a                __malloc_lock
 .text.__malloc_unlock
                0x000000000000144c        0x2 c:/mounriver/mounriver_studio2/resources/app/resources/win32/components/wch/toolchain/risc-v embedded gcc/bin/../lib/gcc/riscv-none-embed/8.2.0/../../../../riscv-none-embed/lib/rv32ecxw/ilp32e\libg_nano.a(lib_a-mlock.o)
                0x000000000000144c                __malloc_unlock
 *(.rodata)
 *(.rodata*)
 *(.gnu.linkonce.t.*)
                0x0000000000001450                . = ALIGN (0x4)
 *fill*         0x000000000000144e        0x2 

.rela.dyn       0x0000000000001450        0x0
 .rela.init     0x0000000000001450        0x0 ./User/ch32v00x_it.o
 .rela.text.handle_reset
                0x0000000000001450        0x0 ./User/ch32v00x_it.o
 .rela.text._sbrk
                0x0000000000001450        0x0 ./User/ch32v00x_it.o
 .rela.data.curbrk.4091
                0x0000000000001450        0x0 ./User/ch32v00x_it.o
 .rela.data.impure_data
                0x0000000000001450        0x0 ./User/ch32v00x_it.o
 .rela.text._sbrk_r
                0x0000000000001450        0x0 ./User/ch32v00x_it.o

.fini           0x0000000000001450        0x0
 *(SORT_NONE(.fini))
                0x0000000000001450                . = ALIGN (0x4)
                [!provide]                        PROVIDE (_etext = .)
                [!provide]                        PROVIDE (_eitcm = .)

.preinit_array  0x0000000000001450        0x0
                [!provide]                        PROVIDE (__preinit_array_start = .)
 *(.preinit_array)
                [!provide]                        PROVIDE (__preinit_array_end = .)

.init_array     0x0000000000001450        0x0
                [!provide]                        PROVIDE (__init_array_start = .)
 *(SORT_BY_INIT_PRIORITY(.init_array.*) SORT_BY_INIT_PRIORITY(.ctors.*))
 *(.init_array EXCLUDE_FILE(*crtend?.o *crtend.o *crtbegin?.o *crtbegin.o) .ctors)
                [!provide]                        PROVIDE (__init_array_end = .)

.fini_array     0x0000000000001450        0x0
                [!provide]                        PROVIDE (__fini_array_start = .)
 *(SORT_BY_INIT_PRIORITY(.fini_array.*) SORT_BY_INIT_PRIORITY(.dtors.*))
 *(.fini_array EXCLUDE_FILE(*crtend?.o *crtend.o *crtbegin?.o *crtbegin.o) .dtors)
                [!provide]                        PROVIDE (__fini_array_end = .)

.ctors
 *crtbegin.o(.ctors)
 *crtbegin?.o(.ctors)
 *(EXCLUDE_FILE(*crtend?.o *crtend.o) .ctors)
 *(SORT_BY_NAME(.ctors.*))
 *(.ctors)

.dtors
 *crtbegin.o(.dtors)
 *crtbegin?.o(.dtors)
 *(EXCLUDE_FILE(*crtend?.o *crtend.o) .dtors)
 *(SORT_BY_NAME(.dtors.*))
 *(.dtors)

.dalign         0x0000000020000000        0x0 load address 0x0000000000001450
                0x0000000020000000                . = ALIGN (0x4)
                0x0000000020000000                PROVIDE (_data_vma = .)

.dlalign        0x0000000000001450        0x0
                0x0000000000001450                . = ALIGN (0x4)
                0x0000000000001450                PROVIDE (_data_lma = .)

.data           0x0000000020000000       0xa8 load address 0x0000000000001450
                0x0000000020000000                . = ALIGN (0x4)
 *(.gnu.linkonce.r.*)
 *(.data .data.*)
 .data.AHBPrescTable
                0x0000000020000000       0x10 ./User/system_ch32v00x.o
                0x0000000020000000                AHBPrescTable
 .data.SystemCoreClock
                0x0000000020000010        0x4 ./User/system_ch32v00x.o
                0x0000000020000010                SystemCoreClock
 .data.idle_guard_ms
                0x0000000020000014        0x4 ./User/uart.o
                0x0000000020000014                idle_guard_ms
 .data.ADCPrescTable
                0x0000000020000018       0x14 ./Peripheral/src/ch32v00x_rcc.o
 .data.APBAHBPrescTable
                0x000000002000002c       0x10 ./Peripheral/src/ch32v00x_rcc.o
 .data.curbrk.4091
                0x000000002000003c        0x4 ./Debug/debug.o
 .data.impure_data
                0x0000000020000040       0x60 c:/mounriver/mounriver_studio2/resources/app/resources/win32/components/wch/toolchain/risc-v embedded gcc/bin/../lib/gcc/riscv-none-embed/8.2.0/../../../../riscv-none-embed/lib/rv32ecxw/ilp32e\libg_nano.a(lib_a-impure.o)
 *(.gnu.linkonce.d.*)
                0x00000000200000a0                . = ALIGN (0x8)
                0x00000000200008a0                PROVIDE (__global_pointer$ = (. + 0x800))
 *(.sdata .sdata.*)
 .sdata._impure_ptr
                0x00000000200000a0        0x4 c:/mounriver/mounriver_studio2/resources/app/resources/win32/components/wch/toolchain/risc-v embedded gcc/bin/../lib/gcc/riscv-none-embed/8.2.0/../../../../riscv-none-embed/lib/rv32ecxw/ilp32e\libg_nano.a(lib_a-impure.o)
                0x00000000200000a0                _impure_ptr
 *(.sdata2*)
 *(.gnu.linkonce.s.*)
                0x00000000200000a8                . = ALIGN (0x8)
 *fill*         0x00000000200000a4        0x4 
 *(.srodata.cst16)
 *(.srodata.cst8)
 *(.srodata.cst4)
 *(.srodata.cst2)
 *(.srodata .srodata.*)
                0x00000000200000a8                . = ALIGN (0x4)
                0x00000000200000a8                PROVIDE (_edata = .)

.bss            0x00000000200000a8       0xb0 load address 0x00000000000014f8
                0x00000000200000a8                . = ALIGN (0x4)
                0x00000000200000a8                PROVIDE (_sbss = .)
 *(.sbss*)
 .sbss.__malloc_free_list
                0x00000000200000a8        0x4 c:/mounriver/mounriver_studio2/resources/app/resources/win32/components/wch/toolchain/risc-v embedded gcc/bin/../lib/gcc/riscv-none-embed/8.2.0/../../../../riscv-none-embed/lib/rv32ecxw/ilp32e\libg_nano.a(lib_a-nano-mallocr.o)
                0x00000000200000a8                __malloc_free_list
 .sbss.__malloc_sbrk_start
                0x00000000200000ac        0x4 c:/mounriver/mounriver_studio2/resources/app/resources/win32/components/wch/toolchain/risc-v embedded gcc/bin/../lib/gcc/riscv-none-embed/8.2.0/../../../../riscv-none-embed/lib/rv32ecxw/ilp32e\libg_nano.a(lib_a-nano-mallocr.o)
                0x00000000200000ac                __malloc_sbrk_start
 *(.gnu.linkonce.sb.*)
 *(.bss*)
 .bss.DEVICE_ADDR
                0x00000000200000b0        0x1 ./User/device.o
                0x00000000200000b0                DEVICE_ADDR
 *fill*         0x00000000200000b1        0x3 
 .bss.device_uid
                0x00000000200000b4        0x4 ./User/device.o
                0x00000000200000b4                device_uid
 .bss.awaiting_address_commit
                0x00000000200000b8        0x1 ./User/packet.o
                0x00000000200000b8                awaiting_address_commit
 .bss.awaiting_reset_commit
                0x00000000200000b9        0x1 ./User/packet.o
                0x00000000200000b9                awaiting_reset_commit
 *fill*         0x00000000200000ba        0x2 
 .bss.commit_deadline
                0x00000000200000bc        0x4 ./User/packet.o
                0x00000000200000bc                commit_deadline
 .bss.packet_ready
                0x00000000200000c0        0x1 ./User/packet.o
                0x00000000200000c0                packet_ready
 .bss.pending_addr
                0x00000000200000c1        0x1 ./User/packet.o
                0x00000000200000c1                pending_addr
 *fill*         0x00000000200000c2        0x2 
 .bss.pending_uid
                0x00000000200000c4        0x4 ./User/packet.o
                0x00000000200000c4                pending_uid
 .bss.received_packet
                0x00000000200000c8       0x20 ./User/packet.o
                0x00000000200000c8                received_packet
 .bss.reset_commit_deadline
                0x00000000200000e8        0x4 ./User/packet.o
                0x00000000200000e8                reset_commit_deadline
 .bss.response_packet
                0x00000000200000ec       0x20 ./User/packet.o
                0x00000000200000ec                response_packet
 .bss.response_pending
                0x000000002000010c        0x1 ./User/packet.o
                0x000000002000010c                response_pending
 *fill*         0x000000002000010d        0x3 
 .bss.uid_reply_at
                0x0000000020000110        0x4 ./User/packet.o
                0x0000000020000110                uid_reply_at
 .bss.uid_reply_pending
                0x0000000020000114        0x1 ./User/packet.o
                0x0000000020000114                uid_reply_pending
 *fill*         0x0000000020000115        0x3 
 .bss.system_millis
                0x0000000020000118        0x4 ./User/timer.o
                0x0000000020000118                system_millis
 .bss.expected_length
                0x000000002000011c        0x1 ./User/uart.o
                0x000000002000011c                expected_length
 *fill*         0x000000002000011d        0x3 
 .bss.rx_buffer
                0x0000000020000120       0x20 ./User/uart.o
                0x0000000020000120                rx_buffer
 .bss.rx_index  0x0000000020000140        0x1 ./User/uart.o
                0x0000000020000140                rx_index
 *fill*         0x0000000020000141        0x3 
 .bss.uart_last_rx_ms
                0x0000000020000144        0x4 ./User/uart.o
                0x0000000020000144                uart_last_rx_ms
 .bss.valve_open
                0x0000000020000148        0x1 ./User/valve.o
                0x0000000020000148                valve_open
 *fill*         0x0000000020000149        0x3 
 .bss.NVIC_Priority_Group
                0x000000002000014c        0x4 ./Peripheral/src/ch32v00x_misc.o
                0x000000002000014c                NVIC_Priority_Group
 .bss.p_ms      0x0000000020000150        0x2 ./Debug/debug.o
 .bss.p_us      0x0000000020000152        0x1 ./Debug/debug.o
 *(.gnu.linkonce.b.*)
 *(COMMON*)
 *fill*         0x0000000020000153        0x1 
 COMMON         0x0000000020000154        0x4 c:/mounriver/mounriver_studio2/resources/app/resources/win32/components/wch/toolchain/risc-v embedded gcc/bin/../lib/gcc/riscv-none-embed/8.2.0/../../../../riscv-none-embed/lib/rv32ecxw/ilp32e\libg_nano.a(lib_a-reent.o)
                0x0000000020000154                errno
                0x0000000020000158                . = ALIGN (0x4)
                0x0000000020000158                PROVIDE (_ebss = .)
                0x0000000020000158                PROVIDE (_end = _ebss)
                [!provide]                        PROVIDE (end = .)

.stack          0x0000000020000700      0x100
                0x0000000020000700                PROVIDE (_heap_end = .)
                0x0000000020000700                . = ALIGN (0x4)
                [!provide]                        PROVIDE (_susrstack = .)
                0x0000000020000800                . = (. + __stack_size)
 *fill*         0x0000000020000700      0x100 
                0x0000000020000800                PROVIDE (_eusrstack = .)
OUTPUT(Droplet_Module_CH32V003.elf elf32-littleriscv)

.debug_info     0x0000000000000000    0x11c89
 .debug_info    0x0000000000000000      0xbc0 ./User/ch32v00x_it.o
 .debug_info    0x0000000000000bc0      0xaf8 ./User/device.o
 .debug_info    0x00000000000016b8      0xf26 ./User/main.o
 .debug_info    0x00000000000025de      0xe2d ./User/moisture.o
 .debug_info    0x000000000000340b     0x102f ./User/packet.o
 .debug_info    0x000000000000443a      0xc94 ./User/system_ch32v00x.o
 .debug_info    0x00000000000050ce      0xd58 ./User/timer.o
 .debug_info    0x0000000000005e26     0x19a1 ./User/uart.o
 .debug_info    0x00000000000077c7       0x6d ./User/valve.o
 .debug_info    0x0000000000007834       0x22 ./Startup/startup_ch32v00x.o
 .debug_info    0x0000000000007856     0x1526 ./Peripheral/src/ch32v00x_adc.o
 .debug_info    0x0000000000008d7c     0x1481 ./Peripheral/src/ch32v00x_flash.o
 .debug_info    0x000000000000a1fd     0x1034 ./Peripheral/src/ch32v00x_gpio.o
 .debug_info    0x000000000000b231      0xdc5 ./Peripheral/src/ch32v00x_misc.o
 .debug_info    0x000000000000bff6     0x108c ./Peripheral/src/ch32v00x_rcc.o
 .debug_info    0x000000000000d082     0x297f ./Peripheral/src/ch32v00x_tim.o
 .debug_info    0x000000000000fa01     0x1351 ./Peripheral/src/ch32v00x_usart.o
 .debug_info    0x0000000000010d52      0xf37 ./Debug/debug.o

.debug_abbrev   0x0000000000000000     0x31c7
 .debug_abbrev  0x0000000000000000      0x22c ./User/ch32v00x_it.o
 .debug_abbrev  0x000000000000022c      0x28d ./User/device.o
 .debug_abbrev  0x00000000000004b9      0x2b9 ./User/main.o
 .debug_abbrev  0x0000000000000772      0x269 ./User/moisture.o
 .debug_abbrev  0x00000000000009db      0x332 ./User/packet.o
 .debug_abbrev  0x0000000000000d0d      0x2ee ./User/system_ch32v00x.o
 .debug_abbrev  0x0000000000000ffb      0x2d3 ./User/timer.o
 .debug_abbrev  0x00000000000012ce      0x3c6 ./User/uart.o
 .debug_abbrev  0x0000000000001694       0x73 ./User/valve.o
 .debug_abbrev  0x0000000000001707       0x12 ./Startup/startup_ch32v00x.o
 .debug_abbrev  0x0000000000001719      0x307 ./Peripheral/src/ch32v00x_adc.o
 .debug_abbrev  0x0000000000001a20      0x3fa ./Peripheral/src/ch32v00x_flash.o
 .debug_abbrev  0x0000000000001e1a      0x309 ./Peripheral/src/ch32v00x_gpio.o
 .debug_abbrev  0x0000000000002123      0x2e1 ./Peripheral/src/ch32v00x_misc.o
 .debug_abbrev  0x0000000000002404      0x389 ./Peripheral/src/ch32v00x_rcc.o
 .debug_abbrev  0x000000000000278d      0x408 ./Peripheral/src/ch32v00x_tim.o
 .debug_abbrev  0x0000000000002b95      0x323 ./Peripheral/src/ch32v00x_usart.o
 .debug_abbrev  0x0000000000002eb8      0x30f ./Debug/debug.o

.debug_aranges  0x0000000000000000      0xa08
 .debug_aranges
                0x0000000000000000       0x28 ./User/ch32v00x_it.o
 .debug_aranges
                0x0000000000000028       0x40 ./User/device.o
 .debug_aranges
                0x0000000000000068       0x20 ./User/main.o
 .debug_aranges
                0x0000000000000088       0x28 ./User/moisture.o
 .debug_aranges
                0x00000000000000b0       0x38 ./User/packet.o
 .debug_aranges
                0x00000000000000e8       0x28 ./User/system_ch32v00x.o
 .debug_aranges
                0x0000000000000110       0x30 ./User/timer.o
 .debug_aranges
                0x0000000000000140       0x68 ./User/uart.o
 .debug_aranges
                0x00000000000001a8       0x20 ./User/valve.o
 .debug_aranges
                0x00000000000001c8       0x30 ./Startup/startup_ch32v00x.o
 .debug_aranges
                0x00000000000001f8      0x138 ./Peripheral/src/ch32v00x_adc.o
 .debug_aranges
                0x0000000000000330      0x110 ./Peripheral/src/ch32v00x_flash.o
 .debug_aranges
                0x0000000000000440       0x98 ./Peripheral/src/ch32v00x_gpio.o
 .debug_aranges
                0x00000000000004d8       0x28 ./Peripheral/src/ch32v00x_misc.o
 .debug_aranges
                0x0000000000000500       0xe0 ./Peripheral/src/ch32v00x_rcc.o
 .debug_aranges
                0x00000000000005e0      0x2d8 ./Peripheral/src/ch32v00x_tim.o
 .debug_aranges
                0x00000000000008b8      0x100 ./Peripheral/src/ch32v00x_usart.o
 .debug_aranges
                0x00000000000009b8       0x50 ./Debug/debug.o

.debug_ranges   0x0000000000000000      0xad0
 .debug_ranges  0x0000000000000000       0x18 ./User/ch32v00x_it.o
 .debug_ranges  0x0000000000000018       0x30 ./User/device.o
 .debug_ranges  0x0000000000000048       0x40 ./User/main.o
 .debug_ranges  0x0000000000000088       0x18 ./User/moisture.o
 .debug_ranges  0x00000000000000a0       0xf0 ./User/packet.o
 .debug_ranges  0x0000000000000190       0x50 ./User/system_ch32v00x.o
 .debug_ranges  0x00000000000001e0       0x20 ./User/timer.o
 .debug_ranges  0x0000000000000200       0xc0 ./User/uart.o
 .debug_ranges  0x00000000000002c0       0x10 ./User/valve.o
 .debug_ranges  0x00000000000002d0       0x28 ./Startup/startup_ch32v00x.o
 .debug_ranges  0x00000000000002f8      0x128 ./Peripheral/src/ch32v00x_adc.o
 .debug_ranges  0x0000000000000420      0x100 ./Peripheral/src/ch32v00x_flash.o
 .debug_ranges  0x0000000000000520       0x88 ./Peripheral/src/ch32v00x_gpio.o
 .debug_ranges  0x00000000000005a8       0x30 ./Peripheral/src/ch32v00x_misc.o
 .debug_ranges  0x00000000000005d8       0xd0 ./Peripheral/src/ch32v00x_rcc.o
 .debug_ranges  0x00000000000006a8      0x2f8 ./Peripheral/src/ch32v00x_tim.o
 .debug_ranges  0x00000000000009a0       0xf0 ./Peripheral/src/ch32v00x_usart.o
 .debug_ranges  0x0000000000000a90       0x40 ./Debug/debug.o

.debug_line     0x0000000000000000     0xd6d8
 .debug_line    0x0000000000000000      0x346 ./User/ch32v00x_it.o
 .debug_line    0x0000000000000346      0x4ae ./User/device.o
 .debug_line    0x00000000000007f4      0x769 ./User/main.o
 .debug_line    0x0000000000000f5d      0x536 ./User/moisture.o
 .debug_line    0x0000000000001493      0xd3f ./User/packet.o
 .debug_line    0x00000000000021d2      0x785 ./User/system_ch32v00x.o
 .debug_line    0x0000000000002957      0x44b ./User/timer.o
 .debug_line    0x0000000000002da2      0xcbc ./User/uart.o
 .debug_line    0x0000000000003a5e       0x80 ./User/valve.o
 .debug_line    0x0000000000003ade      0x148 ./Startup/startup_ch32v00x.o
 .debug_line    0x0000000000003c26     0x14f1 ./Peripheral/src/ch32v00x_adc.o
 .debug_line    0x0000000000005117     0x1cde ./Peripheral/src/ch32v00x_flash.o
 .debug_line    0x0000000000006df5      0xcac ./Peripheral/src/ch32v00x_gpio.o
 .debug_line    0x0000000000007aa1      0x493 ./Peripheral/src/ch32v00x_misc.o
 .debug_line    0x0000000000007f34      0xeb3 ./Peripheral/src/ch32v00x_rcc.o
 .debug_line    0x0000000000008de7     0x310e ./Peripheral/src/ch32v00x_tim.o
 .debug_line    0x000000000000bef5      0xfbd ./Peripheral/src/ch32v00x_usart.o
 .debug_line    0x000000000000ceb2      0x826 ./Debug/debug.o

.debug_str      0x0000000000000000     0x2e88
 .debug_str     0x0000000000000000      0x632 ./User/ch32v00x_it.o
                                        0x6a0 (size before relaxing)
 .debug_str     0x0000000000000632       0xba ./User/device.o
                                        0x674 (size before relaxing)
 .debug_str     0x00000000000006ec      0x258 ./User/main.o
                                        0x8b9 (size before relaxing)
 .debug_str     0x0000000000000944      0x33f ./User/moisture.o
                                        0x933 (size before relaxing)
 .debug_str     0x0000000000000c83       0x7f ./User/packet.o
                                        0x843 (size before relaxing)
 .debug_str     0x0000000000000d02      0x133 ./User/system_ch32v00x.o
                                        0x763 (size before relaxing)
 .debug_str     0x0000000000000e35      0x1cb ./User/timer.o
                                        0x866 (size before relaxing)
 .debug_str     0x0000000000001000      0x3df ./User/uart.o
                                        0xf35 (size before relaxing)
 .debug_str     0x00000000000013df       0x10 ./User/valve.o
                                        0x142 (size before relaxing)
 .debug_str     0x00000000000013ef       0x2a ./Startup/startup_ch32v00x.o
                                         0x6f (size before relaxing)
 .debug_str     0x0000000000001419      0x3dd ./Peripheral/src/ch32v00x_adc.o
                                        0xba5 (size before relaxing)
 .debug_str     0x00000000000017f6      0x3fe ./Peripheral/src/ch32v00x_flash.o
                                        0xad0 (size before relaxing)
 .debug_str     0x0000000000001bf4      0x1a9 ./Peripheral/src/ch32v00x_gpio.o
                                        0x95e (size before relaxing)
 .debug_str     0x0000000000001d9d       0x83 ./Peripheral/src/ch32v00x_misc.o
                                        0x926 (size before relaxing)
 .debug_str     0x0000000000001e20      0x2c7 ./Peripheral/src/ch32v00x_rcc.o
                                        0x9cc (size before relaxing)
 .debug_str     0x00000000000020e7      0xa00 ./Peripheral/src/ch32v00x_tim.o
                                       0x1286 (size before relaxing)
 .debug_str     0x0000000000002ae7      0x317 ./Peripheral/src/ch32v00x_usart.o
                                        0xb1b (size before relaxing)
 .debug_str     0x0000000000002dfe       0x8a ./Debug/debug.o
                                        0x91c (size before relaxing)

.comment        0x0000000000000000       0x33
 .comment       0x0000000000000000       0x33 ./User/ch32v00x_it.o
                                         0x34 (size before relaxing)
 .comment       0x0000000000000033       0x34 ./User/device.o
 .comment       0x0000000000000033       0x34 ./User/main.o
 .comment       0x0000000000000033       0x34 ./User/moisture.o
 .comment       0x0000000000000033       0x34 ./User/packet.o
 .comment       0x0000000000000033       0x34 ./User/system_ch32v00x.o
 .comment       0x0000000000000033       0x34 ./User/timer.o
 .comment       0x0000000000000033       0x34 ./User/uart.o
 .comment       0x0000000000000033       0x34 ./User/valve.o
 .comment       0x0000000000000033       0x34 ./Peripheral/src/ch32v00x_adc.o
 .comment       0x0000000000000033       0x34 ./Peripheral/src/ch32v00x_flash.o
 .comment       0x0000000000000033       0x34 ./Peripheral/src/ch32v00x_gpio.o
 .comment       0x0000000000000033       0x34 ./Peripheral/src/ch32v00x_misc.o
 .comment       0x0000000000000033       0x34 ./Peripheral/src/ch32v00x_rcc.o
 .comment       0x0000000000000033       0x34 ./Peripheral/src/ch32v00x_tim.o
 .comment       0x0000000000000033       0x34 ./Peripheral/src/ch32v00x_usart.o
 .comment       0x0000000000000033       0x34 ./Debug/debug.o

.debug_frame    0x0000000000000000     0x1790
 .debug_frame   0x0000000000000000       0x30 ./User/ch32v00x_it.o
 .debug_frame   0x0000000000000030       0x80 ./User/device.o
 .debug_frame   0x00000000000000b0       0x2c ./User/main.o
 .debug_frame   0x00000000000000dc       0x58 ./User/moisture.o
 .debug_frame   0x0000000000000134       0x80 ./User/packet.o
 .debug_frame   0x00000000000001b4       0x58 ./User/system_ch32v00x.o
 .debug_frame   0x000000000000020c       0x4c ./User/timer.o
 .debug_frame   0x0000000000000258      0x194 ./User/uart.o
 .debug_frame   0x00000000000003ec       0x20 ./User/valve.o
 .debug_frame   0x000000000000040c      0x26c ./Peripheral/src/ch32v00x_adc.o
 .debug_frame   0x0000000000000678      0x324 ./Peripheral/src/ch32v00x_flash.o
 .debug_frame   0x000000000000099c      0x154 ./Peripheral/src/ch32v00x_gpio.o
 .debug_frame   0x0000000000000af0       0x30 ./Peripheral/src/ch32v00x_misc.o
 .debug_frame   0x0000000000000b20      0x1dc ./Peripheral/src/ch32v00x_rcc.o
 .debug_frame   0x0000000000000cfc      0x624 ./Peripheral/src/ch32v00x_tim.o
 .debug_frame   0x0000000000001320      0x204 ./Peripheral/src/ch32v00x_usart.o
 .debug_frame   0x0000000000001524       0xe4 ./Debug/debug.o
 .debug_frame   0x0000000000001608       0x5c c:/mounriver/mounriver_studio2/resources/app/resources/win32/components/wch/toolchain/risc-v embedded gcc/bin/../lib/gcc/riscv-none-embed/8.2.0/../../../../riscv-none-embed/lib/rv32ecxw/ilp32e\libg_nano.a(lib_a-rand.o)
 .debug_frame   0x0000000000001664       0x30 c:/mounriver/mounriver_studio2/resources/app/resources/win32/components/wch/toolchain/risc-v embedded gcc/bin/../lib/gcc/riscv-none-embed/8.2.0/../../../../riscv-none-embed/lib/rv32ecxw/ilp32e\libg_nano.a(lib_a-malloc.o)
 .debug_frame   0x0000000000001694       0x38 c:/mounriver/mounriver_studio2/resources/app/resources/win32/components/wch/toolchain/risc-v embedded gcc/bin/../lib/gcc/riscv-none-embed/8.2.0/../../../../riscv-none-embed/lib/rv32ecxw/ilp32e\libg_nano.a(lib_a-nano-mallocr.o)
 .debug_frame   0x00000000000016cc       0x30 c:/mounriver/mounriver_studio2/resources/app/resources/win32/components/wch/toolchain/risc-v embedded gcc/bin/../lib/gcc/riscv-none-embed/8.2.0/../../../../riscv-none-embed/lib/rv32ecxw/ilp32e\libg_nano.a(lib_a-sbrkr.o)
 .debug_frame   0x00000000000016fc       0x30 c:/mounriver/mounriver_studio2/resources/app/resources/win32/components/wch/toolchain/risc-v embedded gcc/bin/../lib/gcc/riscv-none-embed/8.2.0/../../../../riscv-none-embed/lib/rv32ecxw/ilp32e\libg_nano.a(lib_a-mlock.o)
 .debug_frame   0x000000000000172c       0x64 c:/mounriver/mounriver_studio2/resources/app/resources/win32/components/wch/toolchain/risc-v embedded gcc/bin/../lib/gcc/riscv-none-embed/8.2.0/../../../../riscv-none-embed/lib/rv32ecxw/ilp32e\libg_nano.a(lib_a-reent.o)

.debug_loc      0x0000000000000000     0x4b67
 .debug_loc     0x0000000000000000       0x69 ./User/device.o
 .debug_loc     0x0000000000000069       0x9b ./User/main.o
 .debug_loc     0x0000000000000104      0x58b ./User/packet.o
 .debug_loc     0x000000000000068f       0x55 ./User/system_ch32v00x.o
 .debug_loc     0x00000000000006e4       0x14 ./User/timer.o
 .debug_loc     0x00000000000006f8      0x192 ./User/uart.o
 .debug_loc     0x000000000000088a      0x9fa ./Peripheral/src/ch32v00x_adc.o
 .debug_loc     0x0000000000001284      0xad0 ./Peripheral/src/ch32v00x_flash.o
 .debug_loc     0x0000000000001d54      0x5e2 ./Peripheral/src/ch32v00x_gpio.o
 .debug_loc     0x0000000000002336       0x47 ./Peripheral/src/ch32v00x_misc.o
 .debug_loc     0x000000000000237d      0x5e3 ./Peripheral/src/ch32v00x_rcc.o
 .debug_loc     0x0000000000002960     0x1936 ./Peripheral/src/ch32v00x_tim.o
 .debug_loc     0x0000000000004296      0x735 ./Peripheral/src/ch32v00x_usart.o
 .debug_loc     0x00000000000049cb      0x19c ./Debug/debug.o
