Archive member included to satisfy reference by file (symbol)

c:/mounriver/mounriver_studio2/resources/app/resources/win32/components/wch/toolchain/risc-v embedded gcc/bin/../lib/gcc/riscv-none-embed/8.2.0/rv32ecxw/ilp32e\libgcc.a(save-restore.o)
                              ./User/features/moisture.o (__riscv_save_2)
c:/mounriver/mounriver_studio2/resources/app/resources/win32/components/wch/toolchain/risc-v embedded gcc/bin/../lib/gcc/riscv-none-embed/8.2.0/rv32ecxw/ilp32e\libgcc.a(muldi3.o)
                              ./Debug/debug.o (__mulsi3)
c:/mounriver/mounriver_studio2/resources/app/resources/win32/components/wch/toolchain/risc-v embedded gcc/bin/../lib/gcc/riscv-none-embed/8.2.0/rv32ecxw/ilp32e\libgcc.a(div.o)
                              ./Peripheral/src/ch32v00x_usart.o (__divsi3)
c:/mounriver/mounriver_studio2/resources/app/resources/win32/components/wch/toolchain/risc-v embedded gcc/bin/../lib/gcc/riscv-none-embed/8.2.0/../../../../riscv-none-embed/lib/rv32ecxw/ilp32e\libg_nano.a(lib_a-rand.o)
                              ./User/main.o (srand)
c:/mounriver/mounriver_studio2/resources/app/resources/win32/components/wch/toolchain/risc-v embedded gcc/bin/../lib/gcc/riscv-none-embed/8.2.0/../../../../riscv-none-embed/lib/rv32ecxw/ilp32e\libg_nano.a(lib_a-impure.o)
                              c:/mounriver/mounriver_studio2/resources/app/resources/win32/components/wch/toolchain/risc-v embedded gcc/bin/../lib/gcc/riscv-none-embed/8.2.0/../../../../riscv-none-embed/lib/rv32ecxw/ilp32e\libg_nano.a(lib_a-rand.o) (_impure_ptr)
c:/mounriver/mounriver_studio2/resources/app/resources/win32/components/wch/toolchain/risc-v embedded gcc/bin/../lib/gcc/riscv-none-embed/8.2.0/../../../../riscv-none-embed/lib/rv32ecxw/ilp32e\libg_nano.a(lib_a-malloc.o)
                              c:/mounriver/mounriver_studio2/resources/app/resources/win32/components/wch/toolchain/risc-v embedded gcc/bin/../lib/gcc/riscv-none-embed/8.2.0/../../../../riscv-none-embed/lib/rv32ecxw/ilp32e\libg_nano.a(lib_a-rand.o) (malloc)
c:/mounriver/mounriver_studio2/resources/app/resources/win32/components/wch/toolchain/risc-v embedded gcc/bin/../lib/gcc/riscv-none-embed/8.2.0/../../../../riscv-none-embed/lib/rv32ecxw/ilp32e\libg_nano.a(lib_a-nano-freer.o)
                              c:/mounriver/mounriver_studio2/resources/app/resources/win32/components/wch/toolchain/risc-v embedded gcc/bin/../lib/gcc/riscv-none-embed/8.2.0/../../../../riscv-none-embed/lib/rv32ecxw/ilp32e\libg_nano.a(lib_a-malloc.o) (_free_r)
c:/mounriver/mounriver_studio2/resources/app/resources/win32/components/wch/toolchain/risc-v embedded gcc/bin/../lib/gcc/riscv-none-embed/8.2.0/../../../../riscv-none-embed/lib/rv32ecxw/ilp32e\libg_nano.a(lib_a-nano-mallocr.o)
                              c:/mounriver/mounriver_studio2/resources/app/resources/win32/components/wch/toolchain/risc-v embedded gcc/bin/../lib/gcc/riscv-none-embed/8.2.0/../../../../riscv-none-embed/lib/rv32ecxw/ilp32e\libg_nano.a(lib_a-malloc.o) (_malloc_r)
c:/mounriver/mounriver_studio2/resources/app/resources/win32/components/wch/toolchain/risc-v embedded gcc/bin/../lib/gcc/riscv-none-embed/8.2.0/../../../../riscv-none-embed/lib/rv32ecxw/ilp32e\libg_nano.a(lib_a-sbrkr.o)
                              c:/mounriver/mounriver_studio2/resources/app/resources/win32/components/wch/toolchain/risc-v embedded gcc/bin/../lib/gcc/riscv-none-embed/8.2.0/../../../../riscv-none-embed/lib/rv32ecxw/ilp32e\libg_nano.a(lib_a-nano-mallocr.o) (_sbrk_r)
c:/mounriver/mounriver_studio2/resources/app/resources/win32/components/wch/toolchain/risc-v embedded gcc/bin/../lib/gcc/riscv-none-embed/8.2.0/../../../../riscv-none-embed/lib/rv32ecxw/ilp32e\libg_nano.a(lib_a-mlock.o)
                              c:/mounriver/mounriver_studio2/resources/app/resources/win32/components/wch/toolchain/risc-v embedded gcc/bin/../lib/gcc/riscv-none-embed/8.2.0/../../../../riscv-none-embed/lib/rv32ecxw/ilp32e\libg_nano.a(lib_a-nano-freer.o) (__malloc_lock)
c:/mounriver/mounriver_studio2/resources/app/resources/win32/components/wch/toolchain/risc-v embedded gcc/bin/../lib/gcc/riscv-none-embed/8.2.0/../../../../riscv-none-embed/lib/rv32ecxw/ilp32e\libg_nano.a(lib_a-reent.o)
                              c:/mounriver/mounriver_studio2/resources/app/resources/win32/components/wch/toolchain/risc-v embedded gcc/bin/../lib/gcc/riscv-none-embed/8.2.0/../../../../riscv-none-embed/lib/rv32ecxw/ilp32e\libg_nano.a(lib_a-sbrkr.o) (errno)
c:/mounriver/mounriver_studio2/resources/app/resources/win32/components/wch/toolchain/risc-v embedded gcc/bin/../lib/gcc/riscv-none-embed/8.2.0/rv32ecxw/ilp32e\libgcc.a(multi3.o)
                              c:/mounriver/mounriver_studio2/resources/app/resources/win32/components/wch/toolchain/risc-v embedded gcc/bin/../lib/gcc/riscv-none-embed/8.2.0/../../../../riscv-none-embed/lib/rv32ecxw/ilp32e\libg_nano.a(lib_a-rand.o) (__muldi3)

Allocating common symbols
Common symbol       size              file

[...]
Memory Configuration

Name             Origin             Length             Attributes
FLASH            0x0000000000000000 0x0000000000004000 xr
RAM              0x0000000020000000 0x0000000000000800 xrw
*default*        0x0000000000000000 0xffffffffffffffff

Linker script and memory map

LOAD ./User/features/moisture.o
LOAD ./User/features/valve.o
LOAD ./User/drivers/device.o
LOAD ./User/drivers/system.o
LOAD ./User/drivers/timer.o
LOAD ./User/drivers/uart.o
LOAD ./User/core/packet.o
LOAD ./User/core/protocol.o
LOAD ./User/ch32v00x_it.o
LOAD ./User/main.o
LOAD ./User/system_ch32v00x.o
LOAD ./Startup/startup_ch32v00x.o
LOAD ./Peripheral/src/ch32v00x_adc.o
LOAD ./Peripheral/src/ch32v00x_dbgmcu.o
LOAD ./Peripheral/src/ch32v00x_dma.o
LOAD ./Peripheral/src/ch32v00x_exti.o
LOAD ./Peripheral/src/ch32v00x_flash.o
LOAD ./Peripheral/src/ch32v00x_gpio.o
LOAD ./Peripheral/src/ch32v00x_i2c.o
LOAD ./Peripheral/src/ch32v00x_iwdg.o
LOAD ./Peripheral/src/ch32v00x_misc.o
LOAD ./Peripheral/src/ch32v00x_opa.o
LOAD ./Peripheral/src/ch32v00x_pwr.o
LOAD ./Peripheral/src/ch32v00x_rcc.o
LOAD ./Peripheral/src/ch32v00x_spi.o
LOAD ./Peripheral/src/ch32v00x_tim.o
LOAD ./Peripheral/src/ch32v00x_usart.o
LOAD ./Peripheral/src/ch32v00x_wwdg.o
LOAD ./Debug/debug.o
LOAD ./Core/core_riscv.o
LOAD c:/mounriver/mounriver_studio2/resources/app/resources/win32/components/wch/toolchain/risc-v embedded gcc/bin/../lib/gcc/riscv-none-embed/8.2.0/../../../../riscv-none-embed/lib/rv32ecxw/ilp32e\libprintf.a
LOAD c:/mounriver/mounriver_studio2/resources/app/resources/win32/components/wch/toolchain/risc-v embedded gcc/bin/../lib/gcc/riscv-none-embed/8.2.0/rv32ecxw/ilp32e\libgcc.a
LOAD c:/mounriver/mounriver_studio2/resources/app/resources/win32/components/wch/toolchain/risc-v embedded gcc/bin/../lib/gcc/riscv-none-embed/8.2.0/../../../../riscv-none-embed/lib/rv32ecxw/ilp32e\libg_nano.a
LOAD c:/mounriver/mounriver_studio2/resources/app/resources/win32/components/wch/toolchain/risc-v embedded gcc/bin/../lib/gcc/riscv-none-embed/8.2.0/../../../../riscv-none-embed/lib/rv32ecxw/ilp32e\libc_nano.a
LOAD c:/mounriver/mounriver_studio2/resources/app/resources/win32/components/wch/toolchain/risc-v embedded gcc/bin/../lib/gcc/riscv-none-embed/8.2.0/rv32ecxw/ilp32e\libgcc.a
START GROUP
LOAD c:/mounriver/mounriver_studio2/resources/app/resources/win32/components/wch/toolchain/risc-v embedded gcc/bin/../lib/gcc/riscv-none-embed/8.2.0/rv32ecxw/ilp32e\libgcc.a
LOAD c:/mounriver/mounriver_studio2/resources/app/resources/win32/components/wch/toolchain/risc-v embedded gcc/bin/../lib/gcc/riscv-none-embed/8.2.0/../../../../riscv-none-embed/lib/rv32ecxw/ilp32e\libc_nano.a
LOAD c:/mounriver/mounriver_studio2/resources/app/resources/win32/components/wch/toolchain/risc-v embedded gcc/bin/../lib/gcc/riscv-none-embed/8.2.0/../../../../riscv-none-embed/lib/rv32ecxw/ilp32e\libnosys.a
END GROUP
START GROUP
LOAD c:/mounriver/mounriver_studio2/resources/app/resources/win32/components/wch/toolchain/risc-v embedded gcc/bin/../lib/gcc/riscv-none-embed/8.2.0/rv32ecxw/ilp32e\libgcc.a
LOAD c:/mounriver/mounriver_studio2/resources/app/resources/win32/components/wch/toolchain/risc-v embedded gcc/bin/../lib/gcc/riscv-none-embed/8.2.0/../../../../riscv-none-embed/lib/rv32ecxw/ilp32e\libc_nano.a
LOAD c:/mounriver/mounriver_studio2/resources/app/resources/win32/components/wch/toolchain/risc-v embedded gcc/bin/../lib/gcc/riscv-none-embed/8.2.0/../../../../riscv-none-embed/lib/rv32ecxw/ilp32e\libnosys.a
END GROUP
                0x0000000000000100                __stack_size = 0x100
                [!provide]                        PROVIDE (_stack_size = __stack_size)

.init           0x0000000000000000       0xa0
                0x0000000000000000                _sinit = .
                0x0000000000000000                . = ALIGN (0x4)
 *(SORT_NONE(.init))
 .init          0x0000000000000000       0x9e ./Startup/startup_ch32v00x.o
                0x0000000000000000                _start
                0x00000000000000a0                . = ALIGN (0x4)
 *fill*         0x000000000000009e        0x2 
                0x00000000000000a0                _einit = .

.highcodelalign
                0x00000000000000a0        0x0
                0x00000000000000a0                . = ALIGN (0x4)
                0x00000000000000a0                PROVIDE (_highcode_lma = .)

.highcode       0x0000000020000000        0x0 load address 0x00000000000000a0
                0x0000000020000000                . = ALIGN (0x4)
                0x0000000020000000                PROVIDE (_highcode_vma_start = .)
 *(.highcode)
 *(.highcode.*)
                0x0000000020000000                . = ALIGN (0x4)
                0x0000000020000000                PROVIDE (_highcode_vma_end = .)

.text           0x00000000000000a0     0x15e4
                0x00000000000000a0                . = ALIGN (0x4)
 *(.text)
 .text          0x00000000000000a0       0x14 c:/mounriver/mounriver_studio2/resources/app/resources/win32/components/wch/toolchain/risc-v embedded gcc/bin/../lib/gcc/riscv-none-embed/8.2.0/rv32ecxw/ilp32e\libgcc.a(save-restore.o)
                0x00000000000000a0                __riscv_save_1
                0x00000000000000a0                __riscv_save_2
                0x00000000000000a0                __riscv_save_0
                0x00000000000000aa                __riscv_restore_0
                0x00000000000000aa                __riscv_restore_1
                0x00000000000000aa                __riscv_restore_2
 .text          0x00000000000000b4       0x7e c:/mounriver/mounriver_studio2/resources/app/resources/win32/components/wch/toolchain/risc-v embedded gcc/bin/../lib/gcc/riscv-none-embed/8.2.0/rv32ecxw/ilp32e\libgcc.a(div.o)
                0x00000000000000b4                __divsi3
                0x00000000000000bc                __udivsi3
                0x00000000000000e8                __umodsi3
                0x000000000000010c                __modsi3
 *(.text.*)
 .text.moisture_sensor_init
                0x0000000000000132       0x7e ./User/features/moisture.o
                0x0000000000000132                moisture_sensor_init
 .text.get_moisture
                0x00000000000001b0       0x2e ./User/features/moisture.o
                0x00000000000001b0                get_moisture
 .text.set_valve_state
                0x00000000000001de       0x16 ./User/features/valve.o
                0x00000000000001de                set_valve_state
 .text.valve_is_open
                0x00000000000001f4        0x6 ./User/features/valve.o
                0x00000000000001f4                valve_is_open
 .text.save_device_address
                0x00000000000001fa       0x2a ./User/drivers/device.o
                0x00000000000001fa                save_device_address
 .text.load_device_address
                0x0000000000000224       0x20 ./User/drivers/device.o
                0x0000000000000224                load_device_address
 .text.init_device
                0x0000000000000244       0x30 ./User/drivers/device.o
                0x0000000000000244                init_device
 .text.system_soft_reset
                0x0000000000000274       0x18 ./User/drivers/system.o
                0x0000000000000274                system_soft_reset
 .text.now_ms   0x000000000000028c        0x6 ./User/drivers/timer.o
                0x000000000000028c                now_ms
 .text.DelayMs  0x0000000000000292       0x1c ./User/drivers/timer.o
                0x0000000000000292                DelayMs
 .text.SysTick_Handler
                0x00000000000002ae       0x16 ./User/drivers/timer.o
                0x00000000000002ae                SysTick_Handler
 .text.DelayInit
                0x00000000000002c4       0x3e ./User/drivers/timer.o
                0x00000000000002c4                DelayInit
 .text.USARTx_CFG
                0x0000000000000302       0xc2 ./User/drivers/uart.o
                0x0000000000000302                USARTx_CFG
 .text.TIM1_UP_IRQHandler
                0x00000000000003c4       0x64 ./User/drivers/uart.o
                0x00000000000003c4                TIM1_UP_IRQHandler
 .text.USART1_IRQHandler
                0x0000000000000428      0x196 ./User/drivers/uart.o
                0x0000000000000428                USART1_IRQHandler
 .text.RS485_Dir_Init
                0x00000000000005be       0x32 ./User/drivers/uart.o
                0x00000000000005be                RS485_Dir_Init
 .text.RS485_SetTX
                0x00000000000005f0       0x10 ./User/drivers/uart.o
                0x00000000000005f0                RS485_SetTX
 .text.RS485_SetRX
                0x0000000000000600       0x10 ./User/drivers/uart.o
                0x0000000000000600                RS485_SetRX
 .text.UART_SetInterByteTimeoutMs
                0x0000000000000610       0x7e ./User/drivers/uart.o
                0x0000000000000610                UART_SetInterByteTimeoutMs
 .text.UART_SetAutoInterByteTimeout
                0x000000000000068e        0xa ./User/drivers/uart.o
                0x000000000000068e                UART_SetAutoInterByteTimeout
 .text.uart_rx_busy
                0x0000000000000698       0x28 ./User/drivers/uart.o
                0x0000000000000698                uart_rx_busy
 .text.uart_line_idle
                0x00000000000006c0       0x2a ./User/drivers/uart.o
                0x00000000000006c0                uart_line_idle
 .text.crc16    0x00000000000006ea       0x44 ./User/core/packet.o
                0x00000000000006ea                crc16
 .text.send_packet
                0x000000000000072e       0x9c ./User/core/packet.o
                0x000000000000072e                send_packet
 .text.is_uid_match
                0x00000000000007ca       0x22 ./User/core/protocol.o
                0x00000000000007ca                is_uid_match
 .text.handle_packet
                0x00000000000007ec      0x392 ./User/core/protocol.o
                0x00000000000007ec                handle_packet
 .text.protocol_poll
                0x0000000000000b7e       0xe0 ./User/core/protocol.o
                0x0000000000000b7e                protocol_poll
 .text.NMI_Handler
                0x0000000000000c5e        0x2 ./User/ch32v00x_it.o
                0x0000000000000c5e                NMI_Handler
 .text.HardFault_Handler
                0x0000000000000c60       0x10 ./User/ch32v00x_it.o
                0x0000000000000c60                HardFault_Handler
 .text.startup.main
                0x0000000000000c70       0x3a ./User/main.o
                0x0000000000000c70                main
 .text.SystemInit
                0x0000000000000caa      0x134 ./User/system_ch32v00x.o
                0x0000000000000caa                SystemInit
 .text.SystemCoreClockUpdate
                0x0000000000000dde       0x6c ./User/system_ch32v00x.o
                0x0000000000000dde                SystemCoreClockUpdate
 .text.vector_handler
                0x0000000000000e4a        0x2 ./Startup/startup_ch32v00x.o
                0x0000000000000e4a                TIM1_CC_IRQHandler
                0x0000000000000e4a                PVD_IRQHandler
                0x0000000000000e4a                SPI1_IRQHandler
                0x0000000000000e4a                AWU_IRQHandler
                0x0000000000000e4a                EXTI7_0_IRQHandler
                0x0000000000000e4a                DMA1_Channel4_IRQHandler
                0x0000000000000e4a                ADC1_IRQHandler
                0x0000000000000e4a                DMA1_Channel7_IRQHandler
                0x0000000000000e4a                I2C1_EV_IRQHandler
                0x0000000000000e4a                DMA1_Channel6_IRQHandler
                0x0000000000000e4a                RCC_IRQHandler
                0x0000000000000e4a                TIM1_TRG_COM_IRQHandler
                0x0000000000000e4a                DMA1_Channel1_IRQHandler
                0x0000000000000e4a                DMA1_Channel5_IRQHandler
                0x0000000000000e4a                DMA1_Channel3_IRQHandler
                0x0000000000000e4a                WWDG_IRQHandler
                0x0000000000000e4a                TIM2_IRQHandler
                0x0000000000000e4a                SW_Handler
                0x0000000000000e4a                TIM1_BRK_IRQHandler
                0x0000000000000e4a                DMA1_Channel2_IRQHandler
                0x0000000000000e4a                FLASH_IRQHandler
                0x0000000000000e4a                I2C1_ER_IRQHandler
 .text.handle_reset
                0x0000000000000e4c       0xa8 ./Startup/startup_ch32v00x.o
                0x0000000000000e4c                handle_reset
 .text.ADC_Init
                0x0000000000000ef4       0x4e ./Peripheral/src/ch32v00x_adc.o
                0x0000000000000ef4                ADC_Init
 .text.ADC_Cmd  0x0000000000000f42       0x10 ./Peripheral/src/ch32v00x_adc.o
                0x0000000000000f42                ADC_Cmd
 .text.ADC_ResetCalibration
                0x0000000000000f52        0xa ./Peripheral/src/ch32v00x_adc.o
                0x0000000000000f52                ADC_ResetCalibration
 .text.ADC_GetResetCalibrationStatus
                0x0000000000000f5c        0x8 ./Peripheral/src/ch32v00x_adc.o
                0x0000000000000f5c                ADC_GetResetCalibrationStatus
 .text.ADC_StartCalibration
                0x0000000000000f64        0xa ./Peripheral/src/ch32v00x_adc.o
                0x0000000000000f64                ADC_StartCalibration
 .text.ADC_SoftwareStartConvCmd
                0x0000000000000f6e       0x18 ./Peripheral/src/ch32v00x_adc.o
                0x0000000000000f6e                ADC_SoftwareStartConvCmd
 .text.ADC_RegularChannelConfig
                0x0000000000000f86       0xba ./Peripheral/src/ch32v00x_adc.o
                0x0000000000000f86                ADC_RegularChannelConfig
 .text.ADC_GetConversionValue
                0x0000000000001040        0x8 ./Peripheral/src/ch32v00x_adc.o
                0x0000000000001040                ADC_GetConversionValue
 .text.ADC_GetFlagStatus
                0x0000000000001048        0xa ./Peripheral/src/ch32v00x_adc.o
                0x0000000000001048                ADC_GetFlagStatus
 .text.FLASH_Unlock
                0x0000000000001052       0x1a ./Peripheral/src/ch32v00x_flash.o
                0x0000000000001052                FLASH_Unlock
 .text.FLASH_Lock
                0x000000000000106c        0xe ./Peripheral/src/ch32v00x_flash.o
                0x000000000000106c                FLASH_Lock
 .text.FLASH_GetBank1Status
                0x000000000000107a       0x18 ./Peripheral/src/ch32v00x_flash.o
                0x000000000000107a                FLASH_GetBank1Status
 .text.FLASH_WaitForLastOperation
                0x0000000000001092       0x20 ./Peripheral/src/ch32v00x_flash.o
                0x0000000000001092                FLASH_WaitForLastOperation
 .text.FLASH_ErasePage
                0x00000000000010b2       0x38 ./Peripheral/src/ch32v00x_flash.o
                0x00000000000010b2                FLASH_ErasePage
 .text.FLASH_ProgramHalfWord
                0x00000000000010ea       0x34 ./Peripheral/src/ch32v00x_flash.o
                0x00000000000010ea                FLASH_ProgramHalfWord
 .text.GPIO_Init
                0x000000000000111e       0x7c ./Peripheral/src/ch32v00x_gpio.o
                0x000000000000111e                GPIO_Init
 .text.GPIO_SetBits
                0x000000000000119a        0x4 ./Peripheral/src/ch32v00x_gpio.o
                0x000000000000119a                GPIO_SetBits
 .text.GPIO_ResetBits
                0x000000000000119e        0x4 ./Peripheral/src/ch32v00x_gpio.o
                0x000000000000119e                GPIO_ResetBits
 .text.GPIO_WriteBit
                0x00000000000011a2        0xa ./Peripheral/src/ch32v00x_gpio.o
                0x00000000000011a2                GPIO_WriteBit
 .text.NVIC_PriorityGroupConfig
                0x00000000000011ac        0x6 ./Peripheral/src/ch32v00x_misc.o
                0x00000000000011ac                NVIC_PriorityGroupConfig
 .text.NVIC_Init
                0x00000000000011b2       0x62 ./Peripheral/src/ch32v00x_misc.o
                0x00000000000011b2                NVIC_Init
 .text.RCC_AdjustHSICalibrationValue
                0x0000000000001214       0x12 ./Peripheral/src/ch32v00x_rcc.o
                0x0000000000001214                RCC_AdjustHSICalibrationValue
 .text.RCC_GetClocksFreq
                0x0000000000001226       0xa2 ./Peripheral/src/ch32v00x_rcc.o
                0x0000000000001226                RCC_GetClocksFreq
 .text.RCC_APB2PeriphClockCmd
                0x00000000000012c8       0x1e ./Peripheral/src/ch32v00x_rcc.o
                0x00000000000012c8                RCC_APB2PeriphClockCmd
 .text.TIM_TimeBaseInit
                0x00000000000012e6       0x4e ./Peripheral/src/ch32v00x_tim.o
                0x00000000000012e6                TIM_TimeBaseInit
 .text.TIM_Cmd  0x0000000000001334       0x18 ./Peripheral/src/ch32v00x_tim.o
                0x0000000000001334                TIM_Cmd
 .text.TIM_ITConfig
                0x000000000000134c       0x12 ./Peripheral/src/ch32v00x_tim.o
                0x000000000000134c                TIM_ITConfig
 .text.TIM_SetCounter
                0x000000000000135e        0x4 ./Peripheral/src/ch32v00x_tim.o
                0x000000000000135e                TIM_SetCounter
 .text.TIM_GetITStatus
                0x0000000000001362       0x18 ./Peripheral/src/ch32v00x_tim.o
                0x0000000000001362                TIM_GetITStatus
 .text.TIM_ClearITPendingBit
                0x000000000000137a        0xc ./Peripheral/src/ch32v00x_tim.o
                0x000000000000137a                TIM_ClearITPendingBit
 .text.USART_Init
                0x0000000000001386       0xcc ./Peripheral/src/ch32v00x_usart.o
                0x0000000000001386                USART_Init
 .text.USART_Cmd
                0x0000000000001452       0x16 ./Peripheral/src/ch32v00x_usart.o
                0x0000000000001452                USART_Cmd
 .text.USART_ITConfig
                0x0000000000001468       0x36 ./Peripheral/src/ch32v00x_usart.o
                0x0000000000001468                USART_ITConfig
 .text.USART_SendData
                0x000000000000149e        0x8 ./Peripheral/src/ch32v00x_usart.o
                0x000000000000149e                USART_SendData
 .text.USART_ReceiveData
                0x00000000000014a6        0x8 ./Peripheral/src/ch32v00x_usart.o
                0x00000000000014a6                USART_ReceiveData
 .text.USART_GetFlagStatus
                0x00000000000014ae        0xa ./Peripheral/src/ch32v00x_usart.o
                0x00000000000014ae                USART_GetFlagStatus
 .text.USART_GetITStatus
                0x00000000000014b8       0x3c ./Peripheral/src/ch32v00x_usart.o
                0x00000000000014b8                USART_GetITStatus
 .text._sbrk    0x00000000000014f4       0x26 ./Debug/debug.o
                0x00000000000014f4                _sbrk
 .text.srand    0x000000000000151a       0x5a c:/mounriver/mounriver_studio2/resources/app/resources/win32/components/wch/toolchain/risc-v embedded gcc/bin/../lib/gcc/riscv-none-embed/8.2.0/../../../../riscv-none-embed/lib/rv32ecxw/ilp32e\libg_nano.a(lib_a-rand.o)
                0x000000000000151a                srand
 .text.malloc   0x0000000000001574        0xe c:/mounriver/mounriver_studio2/resources/app/resources/win32/components/wch/toolchain/risc-v embedded gcc/bin/../lib/gcc/riscv-none-embed/8.2.0/../../../../riscv-none-embed/lib/rv32ecxw/ilp32e\libg_nano.a(lib_a-malloc.o)
                0x0000000000001574                malloc
 .text._malloc_r
                0x0000000000001582       0xd4 c:/mounriver/mounriver_studio2/resources/app/resources/win32/components/wch/toolchain/risc-v embedded gcc/bin/../lib/gcc/riscv-none-embed/8.2.0/../../../../riscv-none-embed/lib/rv32ecxw/ilp32e\libg_nano.a(lib_a-nano-mallocr.o)
                0x0000000000001582                _malloc_r
 .text._sbrk_r  0x0000000000001656       0x28 c:/mounriver/mounriver_studio2/resources/app/resources/win32/components/wch/toolchain/risc-v embedded gcc/bin/../lib/gcc/riscv-none-embed/8.2.0/../../../../riscv-none-embed/lib/rv32ecxw/ilp32e\libg_nano.a(lib_a-sbrkr.o)
                0x0000000000001656                _sbrk_r
 .text.__malloc_lock
                0x000000000000167e        0x2 c:/mounriver/mounriver_studio2/resources/app/resources/win32/components/wch/toolchain/risc-v embedded gcc/bin/../lib/gcc/riscv-none-embed/8.2.0/../../../../riscv-none-embed/lib/rv32ecxw/ilp32e\libg_nano.a(lib_a-mlock.o)
                0x000000000000167e                __malloc_lock
 .text.__malloc_unlock
                0x0000000000001680        0x2 c:/mounriver/mounriver_studio2/resources/app/resources/win32/components/wch/toolchain/risc-v embedded gcc/bin/../lib/gcc/riscv-none-embed/8.2.0/../../../../riscv-none-embed/lib/rv32ecxw/ilp32e\libg_nano.a(lib_a-mlock.o)
                0x0000000000001680                __malloc_unlock
 *(.rodata)
 *(.rodata*)
 *(.gnu.linkonce.t.*)
                0x0000000000001684                . = ALIGN (0x4)
 *fill*         0x0000000000001682        0x2 

.rela.dyn       0x0000000000001684        0x0
 .rela.init     0x0000000000001684        0x0 ./User/features/moisture.o
 .rela.text.handle_reset
                0x0000000000001684        0x0 ./User/features/moisture.o
 .rela.text._sbrk
                0x0000000000001684        0x0 ./User/features/moisture.o
 .rela.data.curbrk.4091
                0x0000000000001684        0x0 ./User/features/moisture.o
 .rela.data.impure_data
                0x0000000000001684        0x0 ./User/features/moisture.o
 .rela.text._sbrk_r
                0x0000000000001684        0x0 ./User/features/moisture.o

.fini           0x0000000000001684        0x0
 *(SORT_NONE(.fini))
                0x0000000000001684                . = ALIGN (0x4)
                [!provide]                        PROVIDE (_etext = .)
                [!provide]                        PROVIDE (_eitcm = .)

.preinit_array  0x0000000000001684        0x0
                [!provide]                        PROVIDE (__preinit_array_start = .)
 *(.preinit_array)
                [!provide]                        PROVIDE (__preinit_array_end = .)

.init_array     0x0000000000001684        0x0
                [!provide]                        PROVIDE (__init_array_start = .)
 *(SORT_BY_INIT_PRIORITY(.init_array.*) SORT_BY_INIT_PRIORITY(.ctors.*))
 *(.init_array EXCLUDE_FILE(*crtend?.o *crtend.o *crtbegin?.o *crtbegin.o) .ctors)
                [!provide]                        PROVIDE (__init_array_end = .)

.fini_array     0x0000000000001684        0x0
                [!provide]                        PROVIDE (__fini_array_start = .)
 *(SORT_BY_INIT_PRIORITY(.fini_array.*) SORT_BY_INIT_PRIORITY(.dtors.*))
 *(.fini_array EXCLUDE_FILE(*crtend?.o *crtend.o *crtbegin?.o *crtbegin.o) .dtors)
                [!provide]                        PROVIDE (__fini_array_end = .)

.ctors
 *crtbegin.o(.ctors)
 *crtbegin?.o(.ctors)
 *(EXCLUDE_FILE(*crtend?.o *crtend.o) .ctors)
 *(SORT_BY_NAME(.ctors.*))
 *(.ctors)

.dtors
 *crtbegin.o(.dtors)
 *crtbegin?.o(.dtors)
 *(EXCLUDE_FILE(*crtend?.o *crtend.o) .dtors)
 *(SORT_BY_NAME(.dtors.*))
 *(.dtors)

.dalign         0x0000000020000000        0x0 load address 0x0000000000001684
                0x0000000020000000                . = ALIGN (0x4)
                0x0000000020000000                PROVIDE (_data_vma = .)

.dlalign        0x0000000000001684        0x0
                0x0000000000001684                . = ALIGN (0x4)
                0x0000000000001684                PROVIDE (_data_lma = .)

.data           0x0000000020000000       0xb0 load address 0x0000000000001684
                0x0000000020000000                . = ALIGN (0x4)
 *(.gnu.linkonce.r.*)
 *(.data .data.*)
 .data.idle_guard_ms
                0x0000000020000000        0x4 ./User/drivers/uart.o
                0x0000000020000000                idle_guard_ms
 .data.heartbeat_timeout_ms
                0x0000000020000004        0x4 ./User/core/protocol.o
                0x0000000020000004                heartbeat_timeout_ms
 .data.AHBPrescTable
                0x0000000020000008       0x10 ./User/system_ch32v00x.o
                0x0000000020000008                AHBPrescTable
 .data.SystemCoreClock
                0x0000000020000018        0x4 ./User/system_ch32v00x.o
                0x0000000020000018                SystemCoreClock
 .data.ADCPrescTable
                0x000000002000001c       0x14 ./Peripheral/src/ch32v00x_rcc.o
 .data.APBAHBPrescTable
                0x0000000020000030       0x10 ./Peripheral/src/ch32v00x_rcc.o
 .data.curbrk.4091
                0x0000000020000040        0x4 ./Debug/debug.o
 .data.impure_data
                0x0000000020000044       0x60 c:/mounriver/mounriver_studio2/resources/app/resources/win32/components/wch/toolchain/risc-v embedded gcc/bin/../lib/gcc/riscv-none-embed/8.2.0/../../../../riscv-none-embed/lib/rv32ecxw/ilp32e\libg_nano.a(lib_a-impure.o)
 *(.gnu.linkonce.d.*)
                0x00000000200000a8                . = ALIGN (0x8)
 *fill*         0x00000000200000a4        0x4 
                0x00000000200008a8                PROVIDE (__global_pointer$ = (. + 0x800))
 *(.sdata .sdata.*)
 .sdata._impure_ptr
                0x00000000200000a8        0x4 c:/mounriver/mounriver_studio2/resources/app/resources/win32/components/wch/toolchain/risc-v embedded gcc/bin/../lib/gcc/riscv-none-embed/8.2.0/../../../../riscv-none-embed/lib/rv32ecxw/ilp32e\libg_nano.a(lib_a-impure.o)
                0x00000000200000a8                _impure_ptr
 *(.sdata2*)
 *(.gnu.linkonce.s.*)
                0x00000000200000b0                . = ALIGN (0x8)
 *fill*         0x00000000200000ac        0x4 
 *(.srodata.cst16)
 *(.srodata.cst8)
 *(.srodata.cst4)
 *(.srodata.cst2)
 *(.srodata .srodata.*)
                0x00000000200000b0                . = ALIGN (0x4)
                0x00000000200000b0                PROVIDE (_edata = .)

.bss            0x00000000200000b0       0xac load address 0x0000000000001734
                0x00000000200000b0                . = ALIGN (0x4)
                0x00000000200000b0                PROVIDE (_sbss = .)
 *(.sbss*)
 .sbss.__malloc_free_list
                0x00000000200000b0        0x4 c:/mounriver/mounriver_studio2/resources/app/resources/win32/components/wch/toolchain/risc-v embedded gcc/bin/../lib/gcc/riscv-none-embed/8.2.0/../../../../riscv-none-embed/lib/rv32ecxw/ilp32e\libg_nano.a(lib_a-nano-mallocr.o)
                0x00000000200000b0                __malloc_free_list
 .sbss.__malloc_sbrk_start
                0x00000000200000b4        0x4 c:/mounriver/mounriver_studio2/resources/app/resources/win32/components/wch/toolchain/risc-v embedded gcc/bin/../lib/gcc/riscv-none-embed/8.2.0/../../../../riscv-none-embed/lib/rv32ecxw/ilp32e\libg_nano.a(lib_a-nano-mallocr.o)
                0x00000000200000b4                __malloc_sbrk_start
 *(.gnu.linkonce.sb.*)
 *(.bss*)
 .bss.valve_open
                0x00000000200000b8        0x1 ./User/features/valve.o
                0x00000000200000b8                valve_open
 .bss.DEVICE_ADDR
                0x00000000200000b9        0x1 ./User/drivers/device.o
                0x00000000200000b9                DEVICE_ADDR
 *fill*         0x00000000200000ba        0x2 
 .bss.device_uid
                0x00000000200000bc        0x4 ./User/drivers/device.o
                0x00000000200000bc                device_uid
 .bss.system_ms
                0x00000000200000c0        0x4 ./User/drivers/timer.o
 .bss.expected_length
                0x00000000200000c4        0x1 ./User/drivers/uart.o
                0x00000000200000c4                expected_length
 *fill*         0x00000000200000c5        0x3 
 .bss.rx_buffer
                0x00000000200000c8       0x20 ./User/drivers/uart.o
                0x00000000200000c8                rx_buffer
 .bss.rx_crc_errors
                0x00000000200000e8        0x2 ./User/drivers/uart.o
                0x00000000200000e8                rx_crc_errors
 .bss.rx_index  0x00000000200000ea        0x1 ./User/drivers/uart.o
                0x00000000200000ea                rx_index
 *fill*         0x00000000200000eb        0x1 
 .bss.uart_last_rx_ms
                0x00000000200000ec        0x4 ./User/drivers/uart.o
                0x00000000200000ec                uart_last_rx_ms
 .bss.packet_ready
                0x00000000200000f0        0x1 ./User/core/packet.o
                0x00000000200000f0                packet_ready
 *fill*         0x00000000200000f1        0x3 
 .bss.received_packet
                0x00000000200000f4       0x20 ./User/core/packet.o
                0x00000000200000f4                received_packet
 .bss.response_packet
                0x0000000020000114       0x20 ./User/core/packet.o
                0x0000000020000114                response_packet
 .bss.response_pending
                0x0000000020000134        0x1 ./User/core/packet.o
                0x0000000020000134                response_pending
 .bss.awaiting_address_commit
                0x0000000020000135        0x1 ./User/core/protocol.o
                0x0000000020000135                awaiting_address_commit
 .bss.awaiting_reset_commit
                0x0000000020000136        0x1 ./User/core/protocol.o
                0x0000000020000136                awaiting_reset_commit
 *fill*         0x0000000020000137        0x1 
 .bss.commit_deadline
                0x0000000020000138        0x4 ./User/core/protocol.o
                0x0000000020000138                commit_deadline
 .bss.last_cmd_seen
                0x000000002000013c        0x1 ./User/core/protocol.o
                0x000000002000013c                last_cmd_seen
 *fill*         0x000000002000013d        0x3 
 .bss.last_heartbeat_ms
                0x0000000020000140        0x4 ./User/core/protocol.o
                0x0000000020000140                last_heartbeat_ms
 .bss.pending_addr
                0x0000000020000144        0x1 ./User/core/protocol.o
 .bss.pending_reboot
                0x0000000020000145        0x1 ./User/core/protocol.o
                0x0000000020000145                pending_reboot
 *fill*         0x0000000020000146        0x2 
 .bss.reset_commit_deadline
                0x0000000020000148        0x4 ./User/core/protocol.o
                0x0000000020000148                reset_commit_deadline
 .bss.uid_reply_at
                0x000000002000014c        0x4 ./User/core/protocol.o
                0x000000002000014c                uid_reply_at
 .bss.uid_reply_pending
                0x0000000020000150        0x1 ./User/core/protocol.o
                0x0000000020000150                uid_reply_pending
 *fill*         0x0000000020000151        0x3 
 .bss.NVIC_Priority_Group
                0x0000000020000154        0x4 ./Peripheral/src/ch32v00x_misc.o
                0x0000000020000154                NVIC_Priority_Group
 *(.gnu.linkonce.b.*)
 *(COMMON*)
 COMMON         0x0000000020000158        0x4 c:/mounriver/mounriver_studio2/resources/app/resources/win32/components/wch/toolchain/risc-v embedded gcc/bin/../lib/gcc/riscv-none-embed/8.2.0/../../../../riscv-none-embed/lib/rv32ecxw/ilp32e\libg_nano.a(lib_a-reent.o)
                0x0000000020000158                errno
                0x000000002000015c                . = ALIGN (0x4)
                0x000000002000015c                PROVIDE (_ebss = .)
                0x000000002000015c                PROVIDE (_end = _ebss)
                [!provide]                        PROVIDE (end = .)

.stack          0x0000000020000700      0x100
                0x0000000020000700                PROVIDE (_heap_end = .)
                0x0000000020000700                . = ALIGN (0x4)
                [!provide]                        PROVIDE (_susrstack = .)
                0x0000000020000800                . = (. + __stack_size)
 *fill*         0x0000000020000700      0x100 
                0x0000000020000800                PROVIDE (_eusrstack = .)
OUTPUT(Droplet_Module_CH32V003.elf elf32-littleriscv)

.debug_info     0x0000000000000000    0x13ebb
 .debug_info    0x0000000000000000      0xe2d ./User/features/moisture.o
 .debug_info    0x0000000000000e2d      0xa68 ./User/features/valve.o
 .debug_info    0x0000000000001895      0xaf8 ./User/drivers/device.o
 .debug_info    0x000000000000238d      0xbc9 ./User/drivers/system.o
 .debug_info    0x0000000000002f56      0xde3 ./User/drivers/timer.o
 .debug_info    0x0000000000003d39     0x1ad3 ./User/drivers/uart.o
 .debug_info    0x000000000000580c      0xd6b ./User/core/packet.o
 .debug_info    0x0000000000006577      0xffe ./User/core/protocol.o
 .debug_info    0x0000000000007575      0xbc0 ./User/ch32v00x_it.o
 .debug_info    0x0000000000008135      0xc9d ./User/main.o
 .debug_info    0x0000000000008dd2      0xc94 ./User/system_ch32v00x.o
 .debug_info    0x0000000000009a66       0x22 ./Startup/startup_ch32v00x.o
 .debug_info    0x0000000000009a88     0x1526 ./Peripheral/src/ch32v00x_adc.o
 .debug_info    0x000000000000afae     0x1481 ./Peripheral/src/ch32v00x_flash.o
 .debug_info    0x000000000000c42f     0x1034 ./Peripheral/src/ch32v00x_gpio.o
 .debug_info    0x000000000000d463      0xdc5 ./Peripheral/src/ch32v00x_misc.o
 .debug_info    0x000000000000e228     0x108c ./Peripheral/src/ch32v00x_rcc.o
 .debug_info    0x000000000000f2b4     0x297f ./Peripheral/src/ch32v00x_tim.o
 .debug_info    0x0000000000011c33     0x1351 ./Peripheral/src/ch32v00x_usart.o
 .debug_info    0x0000000000012f84      0xf37 ./Debug/debug.o

.debug_abbrev   0x0000000000000000     0x392b
 .debug_abbrev  0x0000000000000000      0x269 ./User/features/moisture.o
 .debug_abbrev  0x0000000000000269      0x25a ./User/features/valve.o
 .debug_abbrev  0x00000000000004c3      0x28d ./User/drivers/device.o
 .debug_abbrev  0x0000000000000750      0x23c ./User/drivers/system.o
 .debug_abbrev  0x000000000000098c      0x318 ./User/drivers/timer.o
 .debug_abbrev  0x0000000000000ca4      0x42d ./User/drivers/uart.o
 .debug_abbrev  0x00000000000010d1      0x2bd ./User/core/packet.o
 .debug_abbrev  0x000000000000138e      0x3b2 ./User/core/protocol.o
 .debug_abbrev  0x0000000000001740      0x22c ./User/ch32v00x_it.o
 .debug_abbrev  0x000000000000196c      0x211 ./User/main.o
 .debug_abbrev  0x0000000000001b7d      0x2ee ./User/system_ch32v00x.o
 .debug_abbrev  0x0000000000001e6b       0x12 ./Startup/startup_ch32v00x.o
 .debug_abbrev  0x0000000000001e7d      0x307 ./Peripheral/src/ch32v00x_adc.o
 .debug_abbrev  0x0000000000002184      0x3fa ./Peripheral/src/ch32v00x_flash.o
 .debug_abbrev  0x000000000000257e      0x309 ./Peripheral/src/ch32v00x_gpio.o
 .debug_abbrev  0x0000000000002887      0x2e1 ./Peripheral/src/ch32v00x_misc.o
 .debug_abbrev  0x0000000000002b68      0x389 ./Peripheral/src/ch32v00x_rcc.o
 .debug_abbrev  0x0000000000002ef1      0x408 ./Peripheral/src/ch32v00x_tim.o
 .debug_abbrev  0x00000000000032f9      0x323 ./Peripheral/src/ch32v00x_usart.o
 .debug_abbrev  0x000000000000361c      0x30f ./Debug/debug.o

.debug_aranges  0x0000000000000000      0xa70
 .debug_aranges
                0x0000000000000000       0x28 ./User/features/moisture.o
 .debug_aranges
                0x0000000000000028       0x28 ./User/features/valve.o
 .debug_aranges
                0x0000000000000050       0x40 ./User/drivers/device.o
 .debug_aranges
                0x0000000000000090       0x20 ./User/drivers/system.o
 .debug_aranges
                0x00000000000000b0       0x38 ./User/drivers/timer.o
 .debug_aranges
                0x00000000000000e8       0x70 ./User/drivers/uart.o
 .debug_aranges
                0x0000000000000158       0x28 ./User/core/packet.o
 .debug_aranges
                0x0000000000000180       0x40 ./User/core/protocol.o
 .debug_aranges
                0x00000000000001c0       0x28 ./User/ch32v00x_it.o
 .debug_aranges
                0x00000000000001e8       0x20 ./User/main.o
 .debug_aranges
                0x0000000000000208       0x28 ./User/system_ch32v00x.o
 .debug_aranges
                0x0000000000000230       0x30 ./Startup/startup_ch32v00x.o
 .debug_aranges
                0x0000000000000260      0x138 ./Peripheral/src/ch32v00x_adc.o
 .debug_aranges
                0x0000000000000398      0x110 ./Peripheral/src/ch32v00x_flash.o
 .debug_aranges
                0x00000000000004a8       0x98 ./Peripheral/src/ch32v00x_gpio.o
 .debug_aranges
                0x0000000000000540       0x28 ./Peripheral/src/ch32v00x_misc.o
 .debug_aranges
                0x0000000000000568       0xe0 ./Peripheral/src/ch32v00x_rcc.o
 .debug_aranges
                0x0000000000000648      0x2d8 ./Peripheral/src/ch32v00x_tim.o
 .debug_aranges
                0x0000000000000920      0x100 ./Peripheral/src/ch32v00x_usart.o
 .debug_aranges
                0x0000000000000a20       0x50 ./Debug/debug.o

.debug_ranges   0x0000000000000000      0xad8
 .debug_ranges  0x0000000000000000       0x18 ./User/features/moisture.o
 .debug_ranges  0x0000000000000018       0x18 ./User/features/valve.o
 .debug_ranges  0x0000000000000030       0x30 ./User/drivers/device.o
 .debug_ranges  0x0000000000000060       0x10 ./User/drivers/system.o
 .debug_ranges  0x0000000000000070       0x28 ./User/drivers/timer.o
 .debug_ranges  0x0000000000000098       0x98 ./User/drivers/uart.o
 .debug_ranges  0x0000000000000130       0x98 ./User/core/packet.o
 .debug_ranges  0x00000000000001c8       0x98 ./User/core/protocol.o
 .debug_ranges  0x0000000000000260       0x18 ./User/ch32v00x_it.o
 .debug_ranges  0x0000000000000278       0x10 ./User/main.o
 .debug_ranges  0x0000000000000288       0x50 ./User/system_ch32v00x.o
 .debug_ranges  0x00000000000002d8       0x28 ./Startup/startup_ch32v00x.o
 .debug_ranges  0x0000000000000300      0x128 ./Peripheral/src/ch32v00x_adc.o
 .debug_ranges  0x0000000000000428      0x100 ./Peripheral/src/ch32v00x_flash.o
 .debug_ranges  0x0000000000000528       0x88 ./Peripheral/src/ch32v00x_gpio.o
 .debug_ranges  0x00000000000005b0       0x30 ./Peripheral/src/ch32v00x_misc.o
 .debug_ranges  0x00000000000005e0       0xd0 ./Peripheral/src/ch32v00x_rcc.o
 .debug_ranges  0x00000000000006b0      0x2f8 ./Peripheral/src/ch32v00x_tim.o
 .debug_ranges  0x00000000000009a8       0xf0 ./Peripheral/src/ch32v00x_usart.o
 .debug_ranges  0x0000000000000a98       0x40 ./Debug/debug.o

.debug_line     0x0000000000000000     0xe288
 .debug_line    0x0000000000000000      0x4f4 ./User/features/moisture.o
 .debug_line    0x00000000000004f4      0x337 ./User/features/valve.o
 .debug_line    0x000000000000082b      0x484 ./User/drivers/device.o
 .debug_line    0x0000000000000caf      0x326 ./User/drivers/system.o
 .debug_line    0x0000000000000fd5      0x48d ./User/drivers/timer.o
 .debug_line    0x0000000000001462      0xdc1 ./User/drivers/uart.o
 .debug_line    0x0000000000002223      0x5ff ./User/core/packet.o
 .debug_line    0x0000000000002822     0x1204 ./User/core/protocol.o
 .debug_line    0x0000000000003a26      0x314 ./User/ch32v00x_it.o
 .debug_line    0x0000000000003d3a      0x472 ./User/main.o
 .debug_line    0x00000000000041ac      0x73a ./User/system_ch32v00x.o
 .debug_line    0x00000000000048e6      0x148 ./Startup/startup_ch32v00x.o
 .debug_line    0x0000000000004a2e     0x14a6 ./Peripheral/src/ch32v00x_adc.o
 .debug_line    0x0000000000005ed4     0x1c93 ./Peripheral/src/ch32v00x_flash.o
 .debug_line    0x0000000000007b67      0xc61 ./Peripheral/src/ch32v00x_gpio.o
 .debug_line    0x00000000000087c8      0x448 ./Peripheral/src/ch32v00x_misc.o
 .debug_line    0x0000000000008c10      0xe68 ./Peripheral/src/ch32v00x_rcc.o
 .debug_line    0x0000000000009a78     0x30c3 ./Peripheral/src/ch32v00x_tim.o
 .debug_line    0x000000000000cb3b      0xf72 ./Peripheral/src/ch32v00x_usart.o
 .debug_line    0x000000000000daad      0x7db ./Debug/debug.o

.debug_str      0x0000000000000000     0x30ba
 .debug_str     0x0000000000000000      0x8a5 ./User/features/moisture.o
                                        0x923 (size before relaxing)
 .debug_str     0x00000000000008a5       0x68 ./User/features/valve.o
                                        0x632 (size before relaxing)
 .debug_str     0x000000000000090d       0xc2 ./User/drivers/device.o
                                        0x663 (size before relaxing)
 .debug_str     0x00000000000009cf       0xe1 ./User/drivers/system.o
                                        0x686 (size before relaxing)
 .debug_str     0x0000000000000ab0      0x213 ./User/drivers/timer.o
                                        0x86f (size before relaxing)
 .debug_str     0x0000000000000cc3      0x57b ./User/drivers/uart.o
                                        0xf37 (size before relaxing)
 .debug_str     0x000000000000123e       0x22 ./User/core/packet.o
                                        0x739 (size before relaxing)
 .debug_str     0x0000000000001260      0x21d ./User/core/protocol.o
                                        0x92f (size before relaxing)
 .debug_str     0x000000000000147d       0x34 ./User/ch32v00x_it.o
                                        0x687 (size before relaxing)
 .debug_str     0x00000000000014b1       0x3d ./User/main.o
                                        0x7ee (size before relaxing)
 .debug_str     0x00000000000014ee      0x103 ./User/system_ch32v00x.o
                                        0x74a (size before relaxing)
 .debug_str     0x00000000000015f1       0x6f ./Startup/startup_ch32v00x.o
 .debug_str     0x0000000000001660      0x3dd ./Peripheral/src/ch32v00x_adc.o
                                        0xb8c (size before relaxing)
 .debug_str     0x0000000000001a3d      0x3fe ./Peripheral/src/ch32v00x_flash.o
                                        0xab7 (size before relaxing)
 .debug_str     0x0000000000001e3b      0x189 ./Peripheral/src/ch32v00x_gpio.o
                                        0x945 (size before relaxing)
 .debug_str     0x0000000000001fc4       0x83 ./Peripheral/src/ch32v00x_misc.o
                                        0x90d (size before relaxing)
 .debug_str     0x0000000000002047      0x2c7 ./Peripheral/src/ch32v00x_rcc.o
                                        0x9b3 (size before relaxing)
 .debug_str     0x000000000000230e      0xa00 ./Peripheral/src/ch32v00x_tim.o
                                       0x126d (size before relaxing)
 .debug_str     0x0000000000002d0e      0x317 ./Peripheral/src/ch32v00x_usart.o
                                        0xb02 (size before relaxing)
 .debug_str     0x0000000000003025       0x95 ./Debug/debug.o
                                        0x903 (size before relaxing)

.comment        0x0000000000000000       0x33
 .comment       0x0000000000000000       0x33 ./User/features/moisture.o
                                         0x34 (size before relaxing)
 .comment       0x0000000000000033       0x34 ./User/features/valve.o
 .comment       0x0000000000000033       0x34 ./User/drivers/device.o
 .comment       0x0000000000000033       0x34 ./User/drivers/system.o
 .comment       0x0000000000000033       0x34 ./User/drivers/timer.o
 .comment       0x0000000000000033       0x34 ./User/drivers/uart.o
 .comment       0x0000000000000033       0x34 ./User/core/packet.o
 .comment       0x0000000000000033       0x34 ./User/core/protocol.o
 .comment       0x0000000000000033       0x34 ./User/ch32v00x_it.o
 .comment       0x0000000000000033       0x34 ./User/main.o
 .comment       0x0000000000000033       0x34 ./User/system_ch32v00x.o
 .comment       0x0000000000000033       0x34 ./Peripheral/src/ch32v00x_adc.o
 .comment       0x0000000000000033       0x34 ./Peripheral/src/ch32v00x_flash.o
 .comment       0x0000000000000033       0x34 ./Peripheral/src/ch32v00x_gpio.o
 .comment       0x0000000000000033       0x34 ./Peripheral/src/ch32v00x_misc.o
 .comment       0x0000000000000033       0x34 ./Peripheral/src/ch32v00x_rcc.o
 .comment       0x0000000000000033       0x34 ./Peripheral/src/ch32v00x_tim.o
 .comment       0x0000000000000033       0x34 ./Peripheral/src/ch32v00x_usart.o
 .comment       0x0000000000000033       0x34 ./Debug/debug.o

.debug_frame    0x0000000000000000     0x186c
 .debug_frame   0x0000000000000000       0x58 ./User/features/moisture.o
 .debug_frame   0x0000000000000058       0x3c ./User/features/valve.o
 .debug_frame   0x0000000000000094       0x80 ./User/drivers/device.o
 .debug_frame   0x0000000000000114       0x2c ./User/drivers/system.o
 .debug_frame   0x0000000000000140       0x5c ./User/drivers/timer.o
 .debug_frame   0x000000000000019c      0x1c4 ./User/drivers/uart.o
 .debug_frame   0x0000000000000360       0x48 ./User/core/packet.o
 .debug_frame   0x00000000000003a8       0x90 ./User/core/protocol.o
 .debug_frame   0x0000000000000438       0x30 ./User/ch32v00x_it.o
 .debug_frame   0x0000000000000468       0x28 ./User/main.o
 .debug_frame   0x0000000000000490       0x58 ./User/system_ch32v00x.o
 .debug_frame   0x00000000000004e8      0x26c ./Peripheral/src/ch32v00x_adc.o
 .debug_frame   0x0000000000000754      0x324 ./Peripheral/src/ch32v00x_flash.o
 .debug_frame   0x0000000000000a78      0x154 ./Peripheral/src/ch32v00x_gpio.o
 .debug_frame   0x0000000000000bcc       0x30 ./Peripheral/src/ch32v00x_misc.o
 .debug_frame   0x0000000000000bfc      0x1dc ./Peripheral/src/ch32v00x_rcc.o
 .debug_frame   0x0000000000000dd8      0x624 ./Peripheral/src/ch32v00x_tim.o
 .debug_frame   0x00000000000013fc      0x204 ./Peripheral/src/ch32v00x_usart.o
 .debug_frame   0x0000000000001600       0xe4 ./Debug/debug.o
 .debug_frame   0x00000000000016e4       0x5c c:/mounriver/mounriver_studio2/resources/app/resources/win32/components/wch/toolchain/risc-v embedded gcc/bin/../lib/gcc/riscv-none-embed/8.2.0/../../../../riscv-none-embed/lib/rv32ecxw/ilp32e\libg_nano.a(lib_a-rand.o)
 .debug_frame   0x0000000000001740       0x30 c:/mounriver/mounriver_studio2/resources/app/resources/win32/components/wch/toolchain/risc-v embedded gcc/bin/../lib/gcc/riscv-none-embed/8.2.0/../../../../riscv-none-embed/lib/rv32ecxw/ilp32e\libg_nano.a(lib_a-malloc.o)
 .debug_frame   0x0000000000001770       0x38 c:/mounriver/mounriver_studio2/resources/app/resources/win32/components/wch/toolchain/risc-v embedded gcc/bin/../lib/gcc/riscv-none-embed/8.2.0/../../../../riscv-none-embed/lib/rv32ecxw/ilp32e\libg_nano.a(lib_a-nano-mallocr.o)
 .debug_frame   0x00000000000017a8       0x30 c:/mounriver/mounriver_studio2/resources/app/resources/win32/components/wch/toolchain/risc-v embedded gcc/bin/../lib/gcc/riscv-none-embed/8.2.0/../../../../riscv-none-embed/lib/rv32ecxw/ilp32e\libg_nano.a(lib_a-sbrkr.o)
 .debug_frame   0x00000000000017d8       0x30 c:/mounriver/mounriver_studio2/resources/app/resources/win32/components/wch/toolchain/risc-v embedded gcc/bin/../lib/gcc/riscv-none-embed/8.2.0/../../../../riscv-none-embed/lib/rv32ecxw/ilp32e\libg_nano.a(lib_a-mlock.o)
 .debug_frame   0x0000000000001808       0x64 c:/mounriver/mounriver_studio2/resources/app/resources/win32/components/wch/toolchain/risc-v embedded gcc/bin/../lib/gcc/riscv-none-embed/8.2.0/../../../../riscv-none-embed/lib/rv32ecxw/ilp32e\libg_nano.a(lib_a-reent.o)

.debug_loc      0x0000000000000000     0x4e1e
 .debug_loc     0x0000000000000000       0x30 ./User/features/valve.o
 .debug_loc     0x0000000000000030       0x69 ./User/drivers/device.o
 .debug_loc     0x0000000000000099       0x35 ./User/drivers/timer.o
 .debug_loc     0x00000000000000ce      0x179 ./User/drivers/uart.o
 .debug_loc     0x0000000000000247      0x13a ./User/core/packet.o
 .debug_loc     0x0000000000000381      0x76b ./User/core/protocol.o
 .debug_loc     0x0000000000000aec       0x55 ./User/system_ch32v00x.o
 .debug_loc     0x0000000000000b41      0x9fa ./Peripheral/src/ch32v00x_adc.o
 .debug_loc     0x000000000000153b      0xad0 ./Peripheral/src/ch32v00x_flash.o
 .debug_loc     0x000000000000200b      0x5e2 ./Peripheral/src/ch32v00x_gpio.o
 .debug_loc     0x00000000000025ed       0x47 ./Peripheral/src/ch32v00x_misc.o
 .debug_loc     0x0000000000002634      0x5e3 ./Peripheral/src/ch32v00x_rcc.o
 .debug_loc     0x0000000000002c17     0x1936 ./Peripheral/src/ch32v00x_tim.o
 .debug_loc     0x000000000000454d      0x735 ./Peripheral/src/ch32v00x_usart.o
 .debug_loc     0x0000000000004c82      0x19c ./Debug/debug.o
